 cgame_mp_x86

 Timestamp is 5dcb113e (Tue Nov 12 21:08:30 2019)

 Preferred load address is 30000000

 Start         Length     Name                   Class
 0001:00000000 000ba593H .text$mn                CODE
 0002:00000000 00000298H .idata$5                DATA
 0002:00000298 00000004H .00cfg                  DATA
 0002:0000029c 00000004H .CRT$XCA                DATA
 0002:000002a0 00000004H .CRT$XCZ                DATA
 0002:000002a4 00000004H .CRT$XIA                DATA
 0002:000002a8 00000004H .CRT$XIZ                DATA
 0002:000002ac 00000004H .CRT$XPA                DATA
 0002:000002b0 00000004H .CRT$XPZ                DATA
 0002:000002b4 00000004H .CRT$XTA                DATA
 0002:000002b8 00000008H .CRT$XTZ                DATA
 0002:000002bc 00000000H .gfids$y                DATA
 0002:000002c0 00019290H .rdata                  DATA
 0002:00019550 00000004H .rdata$sxdata           DATA
 0002:00019554 000002a4H .rdata$zzzdbg           DATA
 0002:000197f8 00000004H .rtc$IAA                DATA
 0002:000197fc 00000004H .rtc$IZZ                DATA
 0002:00019800 00000004H .rtc$TAA                DATA
 0002:00019804 00000004H .rtc$TZZ                DATA
 0002:00019808 00000088H .xdata$x                DATA
 0002:00019890 0000065cH .edata                  DATA
 0002:00019eec 00000140H .idata$2                DATA
 0002:0001a02c 00000014H .idata$3                DATA
 0002:0001a040 00000298H .idata$4                DATA
 0002:0001a2d8 000009c6H .idata$6                DATA
 0003:00000000 0000c2e0H .data                   DATA
 0003:0000c2e0 038e6f74H .bss                    DATA
 0004:00000000 00000060H .rsrc$01                DATA
 0004:00000060 00000180H .rsrc$02                DATA

  Address         Publics by Value              Rva+Base       Lib:Object

 0000:00000000       ___guard_iat_table         00000000     <absolute>
 0000:00000000       ___volatile_metadata       00000000     <absolute>
 0000:00000000       ___dynamic_value_reloc_table 00000000     <absolute>
 0000:00000000       ___hybrid_auxiliary_iat    00000000     <absolute>
 0000:00000000       ___hybrid_code_map         00000000     <absolute>
 0000:00000000       ___enclave_config          00000000     <absolute>
 0000:00000000       ___guard_longjmp_count     00000000     <absolute>
 0000:00000000       ___guard_longjmp_table     00000000     <absolute>
 0000:00000000       ___guard_fids_count        00000000     <absolute>
 0000:00000000       ___guard_fids_table        00000000     <absolute>
 0000:00000000       ___guard_iat_count         00000000     <absolute>
 0000:00000000       ___hybrid_code_map_count   00000000     <absolute>
 0000:00000001       ___safe_se_handler_count   00000001     <absolute>
 0000:00000100       ___guard_flags             00000100     <absolute>
 0000:00000000       ___ImageBase               30000000     <linker-defined>
 0001:00000000       _BG_AnimParseAnimScript    30001000 f   bg_animation.obj
 0001:000007d0       _BG_AnimParseError         300017d0 f   bg_animation.obj
 0001:00000860       _BG_AnimScriptAnimation    30001860 f   bg_animation.obj
 0001:000009f0       _BG_AnimScriptCannedAnimation 300019f0 f   bg_animation.obj
 0001:00000a80       _BG_AnimScriptEvent        30001a80 f   bg_animation.obj
 0001:00000b00       _BG_AnimUpdatePlayerStateConditions 30001b00 f   bg_animation.obj
 0001:00000c40       _BG_AnimationForString     30001c40 f   bg_animation.obj
 0001:00000d50       _BG_ClearAnimTimer         30001d50 f   bg_animation.obj
 0001:00000d80       _BG_ClearConditionBitFlag  30001d80 f   bg_animation.obj
 0001:00000db0       _BG_CopyStringIntoBuffer   30001db0 f   bg_animation.obj
 0001:00000e20       _BG_EvaluateConditions     30001e20 f   bg_animation.obj
 0001:00000eb0       _BG_ExecuteCommand         30001eb0 f   bg_animation.obj
 0001:00000fd0       _BG_FirstValidItem         30001fd0 f   bg_animation.obj
 0001:00001010       _BG_GetAnimScriptAnimation 30002010 f   bg_animation.obj
 0001:000010a0       _BG_GetAnimScriptEvent     300020a0 f   bg_animation.obj
 0001:00001120       _BG_GetAnimString          30002120 f   bg_animation.obj
 0001:00001150       _BG_GetAnimationForIndex   30002150 f   bg_animation.obj
 0001:00001190       _BG_GetConditionBitFlag    30002190 f   bg_animation.obj
 0001:000011e0       _BG_GetConditionValue      300021e0 f   bg_animation.obj
 0001:00001250       _BG_IndexForString         30002250 f   bg_animation.obj
 0001:000012d0       _BG_InitWeaponStrings      300022d0 f   bg_animation.obj
 0001:00001670       _BG_ParseConditionBits     30002670 f   bg_animation.obj
 0001:00001960       _BG_ParseConditions        30002960 f   bg_animation.obj
 0001:00001ad0       _BG_PlayAnim               30002ad0 f   bg_animation.obj
 0001:00001bd0       _BG_PlayAnimName           30002bd0 f   bg_animation.obj
 0001:00001c00       _BG_SetConditionBitFlag    30002c00 f   bg_animation.obj
 0001:00001c30       _BG_StringHashValue        30002c30 f   bg_animation.obj
 0001:00001c90       _BG_StringHashValue_Lwr    30002c90 f   bg_animation.obj
 0001:00001cd0       _BG_UpdateConditionValue   30002cd0 f   bg_animation.obj
 0001:00001d30       _BG_ClearAnimationPool     30002d30 f   bg_animgroup.obj
 0001:000021e0       _BG_R_RegisterAnimationGroup 300031e0 f   bg_animgroup.obj
 0001:000023a0       _BG_LoadCampaignSave       300033a0 f   bg_campaign.obj
 0001:00002510       _BG_StoreCampaignSave      30003510 f   bg_campaign.obj
 0001:00002630       _BG_ClearCharacterPool     30003630 f   bg_character.obj
 0001:00002660       _BG_FindCharacter          30003660 f   bg_character.obj
 0001:000026b0       _BG_FindFreeCharacter      300036b0 f   bg_character.obj
 0001:00002740       _BG_GetCharacter           30003740 f   bg_character.obj
 0001:000027a0       _BG_GetCharacterForPlayerstate 300037a0 f   bg_character.obj
 0001:00002860       _BG_ParseCharacterFile     30003860 f   bg_character.obj
 0001:00002ba0       _BG_ClassHasWeapon         30003ba0 f   bg_classes.obj
 0001:00002bd0       _BG_ClassLetterForNumber   30003bd0 f   bg_classes.obj
 0001:00002c20       _BG_ClassName              30003c20 f   bg_classes.obj
 0001:00002c70       _BG_ClassSkillForClass     30003c70 f   bg_classes.obj
 0001:00002cc0       _BG_ClassTextToClass       30003cc0 f   bg_classes.obj
 0001:00002d70       _BG_ClassnameForNumber     30003d70 f   bg_classes.obj
 0001:00002dc0       _BG_GetPlayerClassInfo     30003dc0 f   bg_classes.obj
 0001:00002df0       _BG_PlayerClassForPlayerState 30003df0 f   bg_classes.obj
 0001:00002e10       _BG_ShortClassnameForNumber 30003e10 f   bg_classes.obj
 0001:00002e60       _BG_TeamName               30003e60 f   bg_classes.obj
 0001:00002ea0       _BG_WeaponIsPrimaryForClassAndTeam 30003ea0 f   bg_classes.obj
 0001:00002ef0       _BG_lwrcsClassName         30003ef0 f   bg_classes.obj
 0001:00002f40       _BG_AddMagicAmmo           30003f40 f   bg_misc.obj
 0001:000031f0       _BG_AddPathCorner          300041f0 f   bg_misc.obj
 0001:00003260       _BG_AddPredictableEventToPlayerstate 30004260 f   bg_misc.obj
 0001:00003290       _BG_AddSplineControl       30004290 f   bg_misc.obj
 0001:000032e0       _BG_AddSplinePath          300042e0 f   bg_misc.obj
 0001:00003380       _BG_AdjustAAGunMuzzleForBarrel 30004380 f   bg_misc.obj
 0001:00003630       _BG_AkimboFireSequence     30004630 f   bg_misc.obj
 0001:00003670       _BG_AkimboSidearm          30004670 f   bg_misc.obj
 0001:000036c0       _BG_BBoxCollision          300046c0 f   bg_misc.obj
 0001:00003710       _BG_BuildSplinePaths       30004710 f   bg_misc.obj
 0001:00003820       _BG_CalculateSpline_r      30004820 f   bg_misc.obj
 0001:000039c0       _BG_CanItemBeGrabbed       300049c0 f   bg_misc.obj
 0001:00003b50       _BG_CanUseWeapon           30004b50 f   bg_misc.obj
 0001:00003ca0       _BG_ComputeSegments        30004ca0 f   bg_misc.obj
 0001:00003df0       _BG_CreateRotationMatrix   30004df0 f   bg_misc.obj
 0001:00003e20       _BG_DuplicateWeapon        30004e20 f   bg_misc.obj
 0001:00003ea0       _BG_EvaluateTrajectory     30004ea0 f   bg_misc.obj
 0001:00004a90       _BG_EvaluateTrajectoryDelta 30005a90 f   bg_misc.obj
 0001:00004d40       _BG_FindAmmoForWeapon      30005d40 f   bg_misc.obj
 0001:00004d70       _BG_FindClipForWeapon      30005d70 f   bg_misc.obj
 0001:00004da0       _BG_FindItem               30005da0 f   bg_misc.obj
 0001:00004de0       _BG_FindItemForAmmo        30005de0 f   bg_misc.obj
 0001:00004e30       _BG_FindItemForClassName   30005e30 f   bg_misc.obj
 0001:00004e70       _BG_FindItemForHoldable    30005e70 f   bg_misc.obj
 0001:00004eb0       _BG_FindItemForWeapon      30005eb0 f   bg_misc.obj
 0001:00004ef0       _BG_Find_PathCorner        30005ef0 f   bg_misc.obj
 0001:00004f40       _BG_Find_Spline            30005f40 f   bg_misc.obj
 0001:00004f90       _BG_FootstepForSurface     30005f90 f   bg_misc.obj
 0001:00005020       _BG_GetLocationString      30006020 f   bg_misc.obj
 0001:00005090       _BG_GetMarkDir             30006090 f   bg_misc.obj
 0001:000052c0       _BG_GetSplineData          300062c0 f   bg_misc.obj
 0001:00005300       _BG_GrenadeTypeForTeam     30006300 f   bg_misc.obj
 0001:00005330       _BG_GrenadesForClass       30006330 f   bg_misc.obj
 0001:00005390       _BG_InitLocations          30006390 f   bg_misc.obj
 0001:00005490       _BG_IsAkimboSideArm        30006490 f   bg_misc.obj
 0001:000054e0       _BG_IsAkimboWeapon         300064e0 f   bg_misc.obj
 0001:00005510       _BG_IsScopedWeapon         30006510 f   bg_misc.obj
 0001:00005530       _BG_LinearPathOrigin2      30006530 f   bg_misc.obj
 0001:000057b0       _BG_MaxAmmoForWeapon       300067b0 f   bg_misc.obj
 0001:000058e0       _BG_PlayerStateToEntityState 300068e0 f   bg_misc.obj
 0001:00005c50       _BG_PlayerStateToEntityStateExtraPolate 30006c50 f   bg_misc.obj
 0001:00005f80       _BG_PlayerTouchesItem      30006f80 f   bg_misc.obj
 0001:00006020       _BG_RaySphereIntersection  30007020 f   bg_misc.obj
 0001:00006110       _BG_RotatePoint            30007110 f   bg_misc.obj
 0001:000061a0       _BG_SplineLength           300071a0 f   bg_misc.obj
 0001:000062e0       _BG_TransposeMatrix        300072e0 f   bg_misc.obj
 0001:00006320       _BG_TraverseSpline         30007320 f   bg_misc.obj
 0001:00006400       _BG_ValidStatWeapon        30007400 f   bg_misc.obj
 0001:00006470       _BG_WeaponForMOD           30007470 f   bg_misc.obj
 0001:000064a0       _BG_WeaponInWolfMP         300074a0 f   bg_misc.obj
 0001:00006510       _BG_cleanName              30007510 f   bg_misc.obj
 0001:00006580       _BG_colorstrncpyz          30007580 f   bg_misc.obj
 0001:00006600       _BG_drawStrlen             30007600 f   bg_misc.obj
 0001:00006640       _BG_isLightWeaponSupportingFastReload 30007640 f   bg_misc.obj
 0001:00006680       _BG_setCrosshair           30007680 f   bg_misc.obj
 0001:00006950       _BG_simpleHintsCollapse    30007950 f   bg_misc.obj
 0001:000069e0       _BG_simpleHintsExpand      300079e0 f   bg_misc.obj
 0001:00006a40       _BG_simpleWeaponState      30007a40 f   bg_misc.obj
 0001:00006aa0       _BG_strRelPos              30007aa0 f   bg_misc.obj
 0001:00006af0       _ConcatArgs                30007af0 f   bg_misc.obj
 0001:00006bc0       _PC_Color_Parse            30007bc0 f   bg_misc.obj
 0001:00006c10       _PC_Float_Parse            30007c10 f   bg_misc.obj
 0001:00006cd0       _PC_Int_Parse              30007cd0 f   bg_misc.obj
 0001:00006d80       _PC_SourceError            30007d80 f   bg_misc.obj
 0001:00006e00       _PC_SourceWarning          30007e00 f   bg_misc.obj
 0001:00006e80       _PC_String_Parse           30007e80 f   bg_misc.obj
 0001:00006ef0       _PC_String_ParseNoAlloc    30007ef0 f   bg_misc.obj
 0001:00006f60       _PC_Vec_Parse              30007f60 f   bg_misc.obj
 0001:00006fb0       _Q_vsnprintf               30007fb0 f   bg_misc.obj
 0001:00007000       ___local_stdio_printf_options 30008000 f i bg_misc.obj
 0001:00007010       _Com_GetFlamethrowerRange  30008010 f   bg_pmove.obj
 0001:000070f0       _PM_AddEvent               300080f0 f   bg_pmove.obj
 0001:00007110       _PM_AddEventExt            30008110 f   bg_pmove.obj
 0001:00007130       _PM_AddTouchEnt            30008130 f   bg_pmove.obj
 0001:00007180       _PM_AdjustAimSpreadScale   30008180 f   bg_pmove.obj
 0001:000076b0       _PM_AltSwitchFromForWeapon 300086b0 f   bg_pmove.obj
 0001:000076c0       _PM_AltSwitchToForWeapon   300086c0 f   bg_pmove.obj
 0001:00007700       _PM_AttackAnimForWeapon    30008700 f   bg_pmove.obj
 0001:00007750       _PM_BeginWeaponChange      30008750 f   bg_pmove.obj
 0001:00007fc0       _PM_CheckForReload         30008fc0 f   bg_pmove.obj
 0001:000082d0       _PM_CheckLadderMove        300092d0 f   bg_pmove.obj
 0001:00008f70       _PM_ClipVelocity           30009f70 f   bg_pmove.obj
 0001:000091a0       _PM_ContinueWeaponAnim     3000a1a0 f   bg_pmove.obj
 0001:000091e0       _PM_CoolWeapons            3000a1e0 f   bg_pmove.obj
 0001:00009840       _PM_DropAnimForWeapon      3000a840 f   bg_pmove.obj
 0001:0000ad00       _PM_IdleAnimForWeapon      3000bd00 f   bg_pmove.obj
 0001:0000ad50       _PM_LadderMove             3000bd50 f   bg_pmove.obj
 0001:0000b0a0       _PM_LastAttackAnimForWeapon 3000c0a0 f   bg_pmove.obj
 0001:0000b300       _PM_RaiseAnimForWeapon     3000c300 f   bg_pmove.obj
 0001:0000b360       _PM_ReloadAnimForWeapon    3000c360 f   bg_pmove.obj
 0001:0000b780       _PM_Sprint                 3000c780 f   bg_pmove.obj
 0001:0000ba70       _PM_TraceAll               3000ca70 f   bg_pmove.obj
 0001:0000baa0       _PM_TraceAllLegs           3000caa0 f   bg_pmove.obj
 0001:0000bbd0       _PM_TraceAllParts          3000cbd0 f   bg_pmove.obj
 0001:0000bda0       _PM_TraceHead              3000cda0 f   bg_pmove.obj
 0001:0000bec0       _PM_TraceLegs              3000cec0 f   bg_pmove.obj
 0001:0000c180       _PM_UpdateLean             3000d180 f   bg_pmove.obj
 0001:0000c460       _PM_UpdateViewAngles       3000d460 f   bg_pmove.obj
 0001:0000f500       _PM_WeaponAmmoAvailable    30010500 f   bg_pmove.obj
 0001:0000f5b0       _PM_WeaponClipEmpty        300105b0 f   bg_pmove.obj
 0001:0000f600       _PM_WeaponUseAmmo          30010600 f   bg_pmove.obj
 0001:0000f6b0       _Pmove                     300106b0 f   bg_pmove.obj
 0001:0000f7c0       _PmovePredict              300107c0 f   bg_pmove.obj
 0001:0000f830       _PmoveSingle               30010830 f   bg_pmove.obj
 0001:000100a0       _PM_SlideMove              300110a0 f   bg_slidemove.obj
 0001:00010940       _PM_StepSlideMove          30011940 f   bg_slidemove.obj
 0001:00010f00       _BG_ClearScriptSpeakerPool 30011f00 f   bg_sscript.obj
 0001:00010f10       _BG_GetIndexForSpeaker     30011f10 f   bg_sscript.obj
 0001:00010f30       _BG_GetScriptSpeaker       30011f30 f   bg_sscript.obj
 0001:00010f60       _BG_LoadSpeakerScript      30011f60 f   bg_sscript.obj
 0001:000110e0       _BG_NumScriptSpeakers      300120e0 f   bg_sscript.obj
 0001:000110f0       _BG_SS_DeleteSpeaker       300120f0 f   bg_sscript.obj
 0001:00011700       _BG_SS_StoreSpeaker        30012700 f   bg_sscript.obj
 0001:00011740       _BG_WeapStatForWeapon      30012740 f   bg_stats.obj
 0001:000117d0       _BG_GetGroundHeightAtPoint 300127d0 f   bg_tracemap.obj
 0001:00011860       _BG_GetSkyGroundHeightAtPoint 30012860 f   bg_tracemap.obj
 0001:000118f0       _BG_GetSkyHeightAtPoint    300128f0 f   bg_tracemap.obj
 0001:00011980       _BG_GetTracemapGroundCeil  30012980 f   bg_tracemap.obj
 0001:000119a0       _BG_GetTracemapGroundFloor 300129a0 f   bg_tracemap.obj
 0001:000119c0       _BG_LoadTraceMap           300129c0 f   bg_tracemap.obj
 0001:00011ed0       _CG_GenerateTracemap       30012ed0 f   bg_tracemap.obj
 0001:00012c10       _etpro_FinalizeTracemapClamp 30013c10 f   bg_tracemap.obj
 0001:00012c60       _MD5Final                  30013c60 f   md5.obj
 0001:00012d70       _MD5Init                   30013d70 f   md5.obj
 0001:00012dc0       _MD5Update                 30013dc0 f   md5.obj
 0001:00012e80       _MD5_Transform             30013e80 f   md5.obj
 0001:000135c0       _CG_AddAtmosphericEffects  300145c0 f   cg_atmospheric.obj
 0001:000138b0       _CG_AtmosphericKludge      300148b0 f   cg_atmospheric.obj
 0001:00013d60       _CG_EffectParse            30014d60 f   cg_atmospheric.obj
 0001:000153d0       _CG_CharacterForClientinfo 300163d0 f   cg_character.obj
 0001:00015490       _CG_CharacterForPlayerstate 30016490 f   cg_character.obj
 0001:000155a0       _CG_CpyCharacter           300165a0 f   cg_character.obj
 0001:00015780       _CG_GetSkinFileForCharType 30016780 f   cg_character.obj
 0001:00015850       _CG_GetSkinNameForClass    30016850 f   cg_character.obj
 0001:000158a0       _CG_LoadCharacterMods      300168a0 f   cg_character.obj
 0001:00015f60       _CG_RegisterCharacter      30016f60 f   cg_character.obj
 0001:00016370       _CG_RegisterPlayerClasses  30017370 f   cg_character.obj
 0001:00016470       _CG_AdjustAutomapZoom      30017470 f   cg_commandmap.obj
 0001:000164f0       _CG_CommandCentreClick     300174f0 f   cg_commandmap.obj
 0001:00016510       _CG_CommandCentreLayersClick 30017510 f   cg_commandmap.obj
 0001:000165b0       _CG_CommandCentreSpawnPointClick 300175b0 f   cg_commandmap.obj
 0001:000166e0       _CG_CommandMap_DrawHighlightText 300176e0 f   cg_commandmap.obj
 0001:00016740       _CG_CommandMap_SetHighlightText 30017740 f   cg_commandmap.obj
 0001:00016780       _CG_CurLayerForZ           30017780 f   cg_commandmap.obj
 0001:000167c0       _CG_DrawAutoMap            300177c0 f   cg_commandmap.obj
 0001:00016a20       _CG_DrawExpandedAutoMap    30017a20 f   cg_commandmap.obj
 0001:00017930       _CG_DrawMap                30018930 f   cg_commandmap.obj
 0001:00018050       _CG_DrawMapEntity          30019050 f   cg_commandmap.obj
 0001:00019140       _CG_DrawMortarMarker       3001a140 f   cg_commandmap.obj
 0001:00019580       _CG_DrawSpawnPointInfo     3001a580 f   cg_commandmap.obj
 0001:00019bd0       _CG_ParseMapEntity         3001abd0 f   cg_commandmap.obj
 0001:00019de0       _CG_ParseMapEntityInfo     3001ade0 f   cg_commandmap.obj
 0001:00019e50       _CG_PlayerSelected         3001ae50 f   cg_commandmap.obj
 0001:00019ea0       _CG_ScanForCommandCentreEntity 3001aea0 f   cg_commandmap.obj
 0001:0001a0d0       _CG_TransformAutomapEntity 3001b0d0 f   cg_commandmap.obj
 0001:0001a180       _CG_TransformToCommandMapCoord 3001b180 f   cg_commandmap.obj
 0001:0001a1e0       _CG_ScoresDown_f           3001b1e0 f   cg_consolecmds.obj
 0001:0001a2b0       _CG_ScoresUp_f             3001b2b0 f   cg_consolecmds.obj
 0001:0001a2d0       _CG_autoRecord_f           3001b2d0 f   cg_consolecmds.obj
 0001:0001a320       _CG_autoScreenShot_f       3001b320 f   cg_consolecmds.obj
 0001:0001a350       _CG_keyOn_f                3001b350 f   cg_consolecmds.obj
 0001:0001a390       _CG_keyOff_f               3001b390 f   cg_consolecmds.obj
 0001:0001a3b0       _CG_dumpStats_f            3001b3b0 f   cg_consolecmds.obj
 0001:0001a3f0       _CG_LimboMenu_f            3001b3f0 f   cg_consolecmds.obj
 0001:0001a410       _CG_TargetCommand_f        3001b410 f   cg_consolecmds.obj
 0001:0001a5f0       _CG_topshotsDown_f         3001b5f0 f   cg_consolecmds.obj
 0001:0001a680       _CG_topshotsUp_f           3001b680 f   cg_consolecmds.obj
 0001:0001a6f0       _CG_objectivesDown_f       3001b6f0 f   cg_consolecmds.obj
 0001:0001a770       _CG_objectivesUp_f         3001b770 f   cg_consolecmds.obj
 0001:0001aaf0       _CG_SpawnSelectMenu_f      3001baf0 f   cg_consolecmds.obj
 0001:0001ab10       _CG_TeamSelectMenu_f       3001bb10 f   cg_consolecmds.obj
 0001:0001ab30       _CG_ClassSelectMenu_f      3001bb30 f   cg_consolecmds.obj
 0001:0001ab50       _CG_QuickMessage_f         3001bb50 f   cg_consolecmds.obj
 0001:0001aba0       _CG_QuickFireteamAdmin_f   3001bba0 f   cg_consolecmds.obj
 0001:0001b280       _CG_currentTime_f          3001c280 f   cg_consolecmds.obj
 0001:0001b2e0       _CG_vstrDown_f             3001c2e0 f   cg_consolecmds.obj
 0001:0001b320       _CG_vstrUp_f               3001c320 f   cg_consolecmds.obj
 0001:0001b520       _CG_ForceTapOut_f          3001c520 f   cg_consolecmds.obj
 0001:0001b760       _CG_TimerSet_f             3001c760 f   cg_consolecmds.obj
 0001:0001b890       _CG_ResetTimer_f           3001c890 f   cg_consolecmds.obj
 0001:0001b910       _CG_ConsoleCommand         3001c910 f   cg_consolecmds.obj
 0001:0001bc10       _CG_FreeCamera             3001cc10 f   cg_consolecmds.obj
 0001:0001bc30       _CG_InitConsoleCommands    3001cc30 f   cg_consolecmds.obj
 0001:0001bfa0       _CG_LoadCamera             3001cfa0 f   cg_consolecmds.obj
 0001:0001bff0       _CG_Obj_f                  3001cff0 f   cg_consolecmds.obj
 0001:0001c000       _CG_QuickFireteamMessage_f 3001d000 f   cg_consolecmds.obj
 0001:0001c040       _CG_SetInitialCamera       3001d040 f   cg_consolecmds.obj
 0001:0001c070       _CG_StartCamera            3001d070 f   cg_consolecmds.obj
 0001:0001c190       _CG_StartInitialCamera     3001d190 f   cg_consolecmds.obj
 0001:0001c1c0       _CG_StopCamera             3001d1c0 f   cg_consolecmds.obj
 0001:0001c220       _CG_getHudList             3001d220 f   cg_consolecmds.obj
 0001:0001c2e0       _CG_parseMapVoteListInfo   3001d2e0 f   cg_consolecmds.obj
 0001:0001c420       _CG_parseMapVoteTally      3001d420 f   cg_consolecmds.obj
 0001:0001c460       _CG_toggleSpecHelp_f       3001d460 f   cg_consolecmds.obj
 0001:0001c4a0       _CG_wStatsDown_f           3001d4a0 f   cg_consolecmds.obj
 0001:0001c530       _CG_wStatsUp_f             3001d530 f   cg_consolecmds.obj
 0001:0001c560       _Crash_Printf              3001d560 f   cg_crash.obj
 0001:0001c5d0       _DisableCoreDump           3001d5d0 f   cg_crash.obj
 0001:0001c5e0       _DisableStackTrace         3001d5e0 f   cg_crash.obj
 0001:0001c5f0       _EnableCoreDumps           3001d5f0 f   cg_crash.obj
 0001:0001c600       _EnableStackTrace          3001d600 f   cg_crash.obj
 0001:0001c610       _EnumModules@12            3001d610 f   cg_crash.obj
 0001:0001c630       _ExceptionName             3001d630 f   cg_crash.obj
 0001:0001c870       _win32_backtrace           3001d870 f   cg_crash.obj
 0001:0001c9e0       _win32_deinitialize_handler 3001d9e0 f   cg_crash.obj
 0001:0001ca40       _win32_dllinfo             3001da40 f   cg_crash.obj
 0001:0001ca70       _win32_exception_handler@4 3001da70 f   cg_crash.obj
 0001:0001cbd0       _win32_exceptioninfo       3001dbd0 f   cg_crash.obj
 0001:0001cc10       _win32_initialize_handler  3001dc10 f   cg_crash.obj
 0001:0001cd20       _CG_Debriefing_ChatEditFinish 3001dd20 f   cg_debriefing.obj
 0001:0001cdd0       _CG_Debriefing_HTMLButton_Draw 3001ddd0 f   cg_debriefing.obj
 0001:0001cdf0       _CG_Debriefing_NextButton_Draw 3001ddf0 f   cg_debriefing.obj
 0001:0001ce00       _CG_Debriefing_ChatButton_Draw 3001de00 f   cg_debriefing.obj
 0001:0001ce60       _CG_Debriefing_ReadyButton_Draw 3001de60 f   cg_debriefing.obj
 0001:0001ce80       _CG_MapVote_VoteButton_Draw 3001de80 f   cg_debriefing.obj
 0001:0001cf70       _CG_MapVote_MultiVoteButton_Draw 3001df70 f   cg_debriefing.obj
 0001:0001d080       _CG_Debriefing_ChatButton_KeyDown 3001e080 f   cg_debriefing.obj
 0001:0001d0e0       _CG_Debriefing_ReadyButton_KeyDown 3001e0e0 f   cg_debriefing.obj
 0001:0001d120       _CG_MapVote_VoteButton_KeyDown 3001e120 f   cg_debriefing.obj
 0001:0001d180       _CG_MapVote_MultiVoteButton_KeyDown 3001e180 f   cg_debriefing.obj
 0001:0001d210       _CG_Debriefing_QCButton_KeyDown 3001e210 f   cg_debriefing.obj
 0001:0001d230       _CG_Debriefing_NextButton_KeyDown 3001e230 f   cg_debriefing.obj
 0001:0001d280       _CG_Debriefing_PlayerName_Draw 3001e280 f   cg_debriefing.obj
 0001:0001d2e0       _CG_Debriefing_PlayerRank_Draw 3001e2e0 f   cg_debriefing.obj
 0001:0001d3d0       _CG_Debriefing_PlayerMedals_Draw 3001e3d0 f   cg_debriefing.obj
 0001:0001d4d0       _CG_Debriefing_PlayerTime_Draw 3001e4d0 f   cg_debriefing.obj
 0001:0001d5f0       _CG_Debriefing_PlayerXP_Draw 3001e5f0 f   cg_debriefing.obj
 0001:0001d6e0       _CG_Debriefing_PlayerACC_Draw 3001e6e0 f   cg_debriefing.obj
 0001:0001d7d0       _CG_Debriefing_PlayerSkills_Draw 3001e7d0 f   cg_debriefing.obj
 0001:0001da10       _CG_DebriefingPlayerWeaponStats_Draw 3001ea10 f   cg_debriefing.obj
 0001:0001dc20       _CG_DebriefingXPHeader_Draw 3001ec20 f   cg_debriefing.obj
 0001:0001dc50       _CG_DebriefingTitle_Draw   3001ec50 f   cg_debriefing.obj
 0001:0001de70       _CG_DebriefingPlayerList_Draw 3001ee70 f   cg_debriefing.obj
 0001:0001e220       _CG_MapVoteList_Draw       3001f220 f   cg_debriefing.obj
 0001:0001e670       _CG_DebriefingPlayerList_KeyDown 3001f670 f   cg_debriefing.obj
 0001:0001e6d0       _CG_MapVoteList_KeyDown    3001f6d0 f   cg_debriefing.obj
 0001:0001e720       _CG_Debriefing_ChatEdit_Draw 3001f720 f   cg_debriefing.obj
 0001:0001e880       _CG_Debriefing_ChatBox_Draw 3001f880 f   cg_debriefing.obj
 0001:0001eaf0       _CG_Debriefing_Scrollbar_Draw 3001faf0 f   cg_debriefing.obj
 0001:0001eba0       _CG_Debriefing_Scrollbar_KeyDown 3001fba0 f   cg_debriefing.obj
 0001:0001ec70       _CG_Debriefing_Scrollbar_KeyUp 3001fc70 f   cg_debriefing.obj
 0001:0001eca0       _CG_TeamDebriefingOutcome_Draw 3001fca0 f   cg_debriefing.obj
 0001:0001ee40       _CG_TeamDebriefingMapList_Draw 3001fe40 f   cg_debriefing.obj
 0001:0001ef80       _CG_TeamDebriefingMapList_KeyDown 3001ff80 f   cg_debriefing.obj
 0001:0001efe0       _CG_TeamDebriefingMapWinner_Draw 3001ffe0 f   cg_debriefing.obj
 0001:0001eff0       _CG_TeamDebriefingMapShot_Draw 3001fff0 f   cg_debriefing.obj
 0001:0001f080       _CG_TeamDebriefingTeamSkillXP_Draw 30020080 f   cg_debriefing.obj
 0001:0001f110       _CG_Debriefing2_Maps_KeyDown 30020110 f   cg_debriefing.obj
 0001:0001f180       _CG_Debriefing2TeamSkillHeaders_Draw 30020180 f   cg_debriefing.obj
 0001:0001f2b0       _CG_Debriefing2TeamSkillXP_Draw 300202b0 f   cg_debriefing.obj
 0001:0001f460       _CG_Debriefing2_Title_Draw 30020460 f   cg_debriefing.obj
 0001:0001f700       _CG_Debriefing2_MissionTitle_Draw 30020700 f   cg_debriefing.obj
 0001:0001f770       _CG_Debriefing2_Mission_Draw 30020770 f   cg_debriefing.obj
 0001:0001ff60       _CG_Debriefing2_Maps_Draw  30020f60 f   cg_debriefing.obj
 0001:00020230       _CG_Debriefing2_Awards_Draw 30021230 f   cg_debriefing.obj
 0001:000203d0       _CG_PanelButtonsRender_Window 300213d0 f   cg_debriefing.obj
 0001:00020400       _CG_PanelButtonsRender_Button 30021400 f   cg_debriefing.obj
 0001:00020420       _CG_ChatPanel_Setup        30021420 f   cg_debriefing.obj
 0001:00020450       _CG_Debriefing2_Awards_Parse 30021450 f   cg_debriefing.obj
 0001:00020550       _CG_Debriefing2_WinStringForTeam 30021550 f   cg_debriefing.obj
 0001:00020580       _CG_Debriefing_CalcCampaignProgress 30021580 f   cg_debriefing.obj
 0001:000205f0       _CG_Debriefing_Draw        300215f0 f   cg_debriefing.obj
 0001:000207a0       _CG_Debriefing_FindOveralWinningTeam 300217a0 f   cg_debriefing.obj
 0001:000207b0       _CG_Debriefing_FindWinningTeam 300217b0 f   cg_debriefing.obj
 0001:000207d0       _CG_Debriefing_FindWinningTeamForMap 300217d0 f   cg_debriefing.obj
 0001:00020810       _CG_Debriefing_FindWinningTeamForPos 30021810 f   cg_debriefing.obj
 0001:00020940       _CG_Debriefing_FullRankNameForClientInfo 30021940 f   cg_debriefing.obj
 0001:00020980       _CG_Debriefing_GetNextWeaponStat 30021980 f   cg_debriefing.obj
 0001:000209b0       _CG_Debriefing_GetSelectedClientInfo 300219b0 f   cg_debriefing.obj
 0001:00020a00       _CG_Debriefing_InfoRequests 30021a00 f   cg_debriefing.obj
 0001:00020ac0       _CG_Debriefing_KeyEvent    30021ac0 f   cg_debriefing.obj
 0001:00020b50       _CG_Debriefing_MouseEvent  30021b50 f   cg_debriefing.obj
 0001:00020ca0       _CG_Debriefing_ParsePlayerKillsDeaths 30021ca0 f   cg_debriefing.obj
 0001:00020d00       _CG_Debriefing_ParseWeaponAccuracies 30021d00 f   cg_debriefing.obj
 0001:00020d40       _CG_Debriefing_ParseWeaponStats 30021d40 f   cg_debriefing.obj
 0001:00020da0       _CG_Debriefing_RankNameForClientInfo 30021da0 f   cg_debriefing.obj
 0001:00020de0       _CG_Debriefing_ScrollCheckOffset 30021de0 f   cg_debriefing.obj
 0001:00020e40       _CG_Debriefing_ScrollGetBarRect 30021e40 f   cg_debriefing.obj
 0001:00020ed0       _CG_Debriefing_ScrollGetCount 30021ed0 f   cg_debriefing.obj
 0001:00021040       _CG_Debriefing_ScrollGetMax 30022040 f   cg_debriefing.obj
 0001:00021080       _CG_Debriefing_ScrollGetOffset 30022080 f   cg_debriefing.obj
 0001:000210d0       _CG_Debriefing_ScrollSetOffset 300220d0 f   cg_debriefing.obj
 0001:00021120       _CG_Debriefing_ServerCommand 30022120 f   cg_debriefing.obj
 0001:00021190       _CG_Debriefing_Shutdown    30022190 f   cg_debriefing.obj
 0001:000211a0       _CG_Debriefing_Startup     300221a0 f   cg_debriefing.obj
 0001:00021290       _CG_Debriefing_TimeToString 30022290 f   cg_debriefing.obj
 0001:00021300       _CG_Debrieing_SetSelectedClient 30022300 f   cg_debriefing.obj
 0001:00021330       _CG_MapVote_SetSelectedMap 30022330 f   cg_debriefing.obj
 0001:00021350       _CG_PanelButtonsRender_Button_Ext 30022350 f   cg_debriefing.obj
 0001:00021490       _CG_PanelButtonsRender_Window_Ext 30022490 f   cg_debriefing.obj
 0001:00021640       _CG_SortPlayersByXP        30022640 f   cg_debriefing.obj
 0001:00021690       _CG_TeamDebriefingTeamXP_Draw 30022690 f   cg_debriefing.obj
 0001:00021730       _CG_TeamDebriefing_CalcXP  30022730 f   cg_debriefing.obj
 0001:00021950       _CG_AddLagometerFrameInfo  30022950 f   cg_draw.obj
 0001:00021980       _CG_AddLagometerSnapshotInfo 30022980 f   cg_draw.obj
 0001:000219f0       _CG_BannerPrint            300229f0 f   cg_draw.obj
 0001:00021c30       _CG_BotIsSelected          30022c30 f   cg_draw.obj
 0001:00021c60       _CG_CalculateReinfTime     30022c60 f   cg_draw.obj
 0001:00021c80       _CG_CalculateReinfTime_Float 30022c80 f   cg_draw.obj
 0001:00021d10       _CG_CenterPrint            30022d10 f   cg_draw.obj
 0001:00021d30       _CG_CheckForCursorHints    30022d30 f   cg_draw.obj
 0001:00021f70       _CG_ClassSkillForPosition  30022f70 f   cg_draw.obj
 0001:00022250       _CG_Draw3DModel            30023250 f   cg_draw.obj
 0001:00022380       _CG_DrawActive             30023380 f   cg_draw.obj
 0001:00022c50       _CG_DrawCompassIcon        30023c50 f   cg_draw.obj
 0001:00024050       _CG_DrawDemoRecording      30025050 f   cg_draw.obj
 0001:000244c0       _CG_DrawField              300254c0 f   cg_draw.obj
 0001:00024660       _CG_DrawFieldWidth         30025660 f   cg_draw.obj
 0001:00025250       _CG_DrawKeyModel           30026250 f   cg_draw.obj
 0001:00025aa0       _CG_DrawLivesLeft          30026aa0 f   cg_draw.obj
 0001:00025bb0       _CG_DrawMiscGamemodels     30026bb0 f   cg_draw.obj
 0001:000294d0       _CG_DrawTeamBackground     3002a4d0 f   cg_draw.obj
 0001:000298d0       _CG_DrawTime               3002a8d0 f   cg_draw.obj
 0001:00029b10       _CG_DrawTimedMenus         3002ab10 f   cg_draw.obj
 0001:0002b5f0       _CG_Fade                   3002c5f0 f   cg_draw.obj
 0001:0002b630       _CG_InitStatsDebug         3002c630 f   cg_draw.obj
 0001:0002b670       _CG_LoadFont               3002c670 f   cg_draw.obj
 0001:0002b750       _CG_ObjectivePrint         3002c750 f   cg_draw.obj
 0001:0002b830       _CG_PickupItemText         3002c830 f   cg_draw.obj
 0001:0002ba90       _CG_PriorityCenterPrint    3002ca90 f   cg_draw.obj
 0001:0002bd90       _CG_ScanForCrosshairDyna   3002cd90 f   cg_draw.obj
 0001:0002c0c0       _CG_ScanForCrosshairMine   3002d0c0 f   cg_draw.obj
 0001:0002c320       _CG_ShakeCamera            3002d320 f   cg_draw.obj
 0001:0002c460       _CG_StartShakeCamera       3002d460 f   cg_draw.obj
 0001:0002c4e0       _CG_StatsDebugAddText      3002d4e0 f   cg_draw.obj
 0001:0002c570       _CG_Text_Height            3002d570 f   cg_draw.obj
 0001:0002c5a0       _CG_Text_Height_Ext        3002d5a0 f   cg_draw.obj
 0001:0002c630       _CG_Text_Paint             3002d630 f   cg_draw.obj
 0001:0002c690       _CG_Text_PaintChar         3002d690 f   cg_draw.obj
 0001:0002c740       _CG_Text_PaintChar_Ext     3002d740 f   cg_draw.obj
 0001:0002c7e0       _CG_Text_Paint_Centred_Ext 3002d7e0 f   cg_draw.obj
 0001:0002c870       _CG_Text_Paint_Ext         3002d870 f   cg_draw.obj
 0001:0002cb10       _CG_Text_SetActiveFont     3002db10 f   cg_draw.obj
 0001:0002cb20       _CG_Text_Width             3002db20 f   cg_draw.obj
 0001:0002cb50       _CG_Text_Width_Ext         3002db50 f   cg_draw.obj
 0001:0002cbe0       _CG_AdjustFrom640          3002dbe0 f   cg_drawtools.obj
 0001:0002cc40       _CG_ColorForHealth         3002dc40 f   cg_drawtools.obj
 0001:0002ccf0       _CG_DrawBigString          3002dcf0 f   cg_drawtools.obj
 0001:0002cd50       _CG_DrawBigString2         3002dd50 f   cg_drawtools.obj
 0001:0002cdb0       _CG_DrawBigStringColor     3002ddb0 f   cg_drawtools.obj
 0001:0002cde0       _CG_DrawBigStringColor2    3002dde0 f   cg_drawtools.obj
 0001:0002ce10       _CG_DrawBottom_NoScale     3002de10 f   cg_drawtools.obj
 0001:0002cea0       _CG_DrawChar               3002dea0 f   cg_drawtools.obj
 0001:0002cfa0       _CG_DrawChar2              3002dfa0 f   cg_drawtools.obj
 0001:0002d0a0       _CG_DrawPic                3002e0a0 f   cg_drawtools.obj
 0001:0002d1a0       _CG_DrawPicST              3002e1a0 f   cg_drawtools.obj
 0001:0002d230       _CG_DrawRect               3002e230 f   cg_drawtools.obj
 0001:0002d2c0       _CG_DrawRect_FixedBorder   3002e2c0 f   cg_drawtools.obj
 0001:0002d360       _CG_DrawRotatedPic         3002e360 f   cg_drawtools.obj
 0001:0002d3e0       _CG_DrawSides              3002e3e0 f   cg_drawtools.obj
 0001:0002d4d0       _CG_DrawSides_NoScale      3002e4d0 f   cg_drawtools.obj
 0001:0002d5b0       _CG_DrawSmallString        3002e5b0 f   cg_drawtools.obj
 0001:0002d610       _CG_DrawSmallStringColor   3002e610 f   cg_drawtools.obj
 0001:0002d640       _CG_DrawStringExt          3002e640 f   cg_drawtools.obj
 0001:0002d7d0       _CG_DrawStringExt2         3002e7d0 f   cg_drawtools.obj
 0001:0002d7f0       _CG_DrawStringExt3         3002e7f0 f   cg_drawtools.obj
 0001:0002d9b0       _CG_DrawStringExt_Shadow   3002e9b0 f   cg_drawtools.obj
 0001:0002db50       _CG_DrawStrlen             3002eb50 f   cg_drawtools.obj
 0001:0002db90       _CG_DrawTopBottom          3002eb90 f   cg_drawtools.obj
 0001:0002dc80       _CG_DrawTopBottom_NoScale  3002ec80 f   cg_drawtools.obj
 0001:0002dd60       _CG_FadeColor              3002ed60 f   cg_drawtools.obj
 0001:0002dde0       _CG_FillRect               3002ede0 f   cg_drawtools.obj
 0001:0002de70       _CG_FillRectGradient       3002ee70 f   cg_drawtools.obj
 0001:0002df00       _CG_FilledBar              3002ef00 f   cg_drawtools.obj
 0001:0002e180       _CG_GetColorForHealth      3002f180 f   cg_drawtools.obj
 0001:0002e230       _CG_HorizontalPercentBar   3002f230 f   cg_drawtools.obj
 0001:0002e2c0       _CG_TeamColor              3002f2c0 f   cg_drawtools.obj
 0001:0002e300       _CG_TileClear              3002f300 f   cg_drawtools.obj
 0001:0002e470       _CG_TranslateString        3002f470 f   cg_drawtools.obj
 0001:0002e4b0       _UI_DrawBannerString       3002f4b0 f   cg_drawtools.obj
 0001:0002e710       _UI_DrawProportionalString 3002f710 f   cg_drawtools.obj
 0001:0002eac0       _UI_ProportionalSizeScale  3002fac0 f   cg_drawtools.obj
 0001:0002eaf0       _UI_ProportionalStringWidth 3002faf0 f   cg_drawtools.obj
 0001:0002eb80       _CG_AddBloodTrails         3002fb80 f   cg_effects.obj
 0001:0002edf0       _CG_AddSmokeSprites        3002fdf0 f   cg_effects.obj
 0001:0002f1c0       _CG_Bleed                  300301c0 f   cg_effects.obj
 0001:0002f490       _CG_BubbleTrail            30030490 f   cg_effects.obj
 0001:0002f790       _CG_GetOriginForTag        30030790 f   cg_effects.obj
 0001:0002f8d0       _CG_GibPlayer              300308d0 f   cg_effects.obj
 0001:0002ffa0       _CG_LaunchGib              30030fa0 f   cg_effects.obj
 0001:000301c0       _CG_LoseHat                300311c0 f   cg_effects.obj
 0001:000304e0       _CG_MakeExplosion          300314e0 f   cg_effects.obj
 0001:000306e0       _CG_ProjectedSpotLight     300316e0 f   cg_effects.obj
 0001:00030800       _CG_RenderSmokeGrenadeSmoke 30031800 f   cg_effects.obj
 0001:00030b10       _CG_RumbleEfx              30031b10 f   cg_effects.obj
 0001:00030d30       _CG_SmokePuff              30031d30 f   cg_effects.obj
 0001:00031000       _CG_SparklerSparks         30032000 f   cg_effects.obj
 0001:00031150       _CG_SpawnEffect            30032150 f   cg_effects.obj
 0001:00031160       _CG_SpawnSmokeSprite       30032160 f   cg_effects.obj
 0001:00031240       _CG_Spotlight              30032240 f   cg_effects.obj
 0001:000321b0       _InitSmokeSprites          300331b0 f   cg_effects.obj
 0001:00032200       _getTestShader             30033200 f   cg_effects.obj
 0001:00032220       _lt_crandom                30033220 f   cg_effects.obj
 0001:00032280       _lt_random                 30033280 f   cg_effects.obj
 0001:000322d0       _CGRefEntityToTag          300332d0 f   cg_ents.obj
 0001:00032330       _CGTagToRefEntity          30033330 f   cg_ents.obj
 0001:00032390       _CG_AddCEntity             30033390 f   cg_ents.obj
 0001:000323c0       _CG_AddCEntity_Filter      300333c0 f   cg_ents.obj
 0001:00032420       _CG_AddEntityToTag         30033420 f   cg_ents.obj
 0001:000325d0       _CG_AddLightstyle          300335d0 f   cg_ents.obj
 0001:00032880       _CG_AddLinkedEntity        30033880 f   cg_ents.obj
 0001:00032e40       _CG_AddPacketEntities      30033e40 f   cg_ents.obj
 0001:00033050       _CG_AdjustPositionForMover 30034050 f   cg_ents.obj
 0001:00033400       _CG_AttachBitsToTank       30034400 f   cg_ents.obj
 0001:000337f0       _CG_Beam                   300347f0 f   cg_ents.obj
 0001:00033910       _CG_Beam_2                 30034910 f   cg_ents.obj
 0001:00033c90       _CG_Cabinet                30034c90 f   cg_ents.obj
 0001:00033e80       _CG_CalcEntityLerpPositions 30034e80 f   cg_ents.obj
 0001:00036470       _CG_Mover_PostProcess      30037470 f   cg_ents.obj
 0001:00036700       _CG_PlayerSeesItem         30037700 f   cg_ents.obj
 0001:000369d0       _CG_PositionEntityOnTag    300379d0 f   cg_ents.obj
 0001:00036b30       _CG_PositionRotatedEntityOnTag 30037b30 f   cg_ents.obj
 0001:000370a0       _CG_SetEntitySoundPosition 300380a0 f   cg_ents.obj
 0001:00037130       _CG_SetupCabinets          30038130 f   cg_ents.obj
 0001:00037880       _CG_CheckEvents            30038880 f   cg_event.obj
 0001:00037970       _CG_Debris                 30038970 f   cg_event.obj
 0001:00037b20       _CG_Effect                 30038b20 f   cg_event.obj
 0001:00037fc0       _CG_EntityEvent            30038fc0 f   cg_event.obj
 0001:0003a0f0       _CG_Explode                3003b0f0 f   cg_event.obj
 0001:0003a200       _CG_Explodef               3003b200 f   cg_event.obj
 0001:0003ab30       _CG_MortarImpact           3003bb30 f   cg_event.obj
 0001:0003ac90       _CG_MortarMiss             3003bc90 f   cg_event.obj
 0001:0003b410       _CG_PainEvent              3003c410 f   cg_event.obj
 0001:0003b480       _CG_PrecacheFXSounds       3003c480 f   cg_event.obj
 0001:0003b4c0       _CG_Rubble                 3003c4c0 f   cg_event.obj
 0001:0003b5f0       _CG_RubbleFx               3003c5f0 f   cg_event.obj
 0001:0003be10       _CG_Shard                  3003ce10 f   cg_event.obj
 0001:0003c1c0       _CG_ShardJunk              3003d1c0 f   cg_event.obj
 0001:0003c410       _CG_BuildSelectedFirteamString 3003d410 f   cg_fireteamoverlay.obj
 0001:0003c4f0       _CG_ClientInfoForPosition  3003d4f0 f   cg_fireteamoverlay.obj
 0001:0003c560       _CG_DrawFakeFireTeamOverlay 3003d560 f   cg_fireteamoverlay.obj
 0001:0003c9b0       _CG_DrawFireTeamOverlay    3003d9b0 f   cg_fireteamoverlay.obj
 0001:0003d2b0       _CG_FireTeamForPosition    3003e2b0 f   cg_fireteamoverlay.obj
 0001:0003d320       _CG_FireTeamPlayerForPosition 3003e320 f   cg_fireteamoverlay.obj
 0001:0003d390       _CG_FireteamGetBoxNeedsButtons 3003e390 f   cg_fireteamoverlay.obj
 0001:0003d3e0       _CG_FireteamGetBoxText     3003e3e0 f   cg_fireteamoverlay.obj
 0001:0003d4e0       _CG_FireteamHasClass       3003e4e0 f   cg_fireteamoverlay.obj
 0001:0003d540       _CG_IsFireTeamLeader       3003e540 f   cg_fireteamoverlay.obj
 0001:0003d560       _CG_IsOnSameFireteam       3003e560 f   cg_fireteamoverlay.obj
 0001:0003d590       _CG_ParseFireteams         3003e590 f   cg_fireteamoverlay.obj
 0001:0003d710       _CG_SortClientFireteam     3003e710 f   cg_fireteamoverlay.obj
 0001:0003d7a0       _CG_SortFireTeam           3003e7a0 f   cg_fireteamoverlay.obj
 0001:0003d830       _CG_SortedFireTeamPlayerForPosition 3003e830 f   cg_fireteamoverlay.obj
 0001:0003d880       ___local_stdio_scanf_options 3003e880 f i cg_fireteamoverlay.obj
 0001:0003d890       _sscanf                    3003e890 f i cg_fireteamoverlay.obj
 0001:0003d8c0       _CG_Fireteams_MenuText_Draw 3003e8c0 f   cg_fireteams.obj
 0001:0003de90       _CG_Fireteams_MenuTitleText_Draw 3003ee90 f   cg_fireteams.obj
 0001:0003dff0       _CG_CountFireteamsByTeam   3003eff0 f   cg_fireteams.obj
 0001:0003e0d0       _CG_CountPlayersNF         3003f0d0 f   cg_fireteams.obj
 0001:0003e120       _CG_CountPlayersSF         3003f120 f   cg_fireteams.obj
 0001:0003e180       _CG_DrawFireteamsByTeam    3003f180 f   cg_fireteams.obj
 0001:0003e280       _CG_DrawPlayerNF           3003f280 f   cg_fireteams.obj
 0001:0003e480       _CG_DrawPlayerSF           3003f480 f   cg_fireteams.obj
 0001:0003e680       _CG_FireteamCheckExecKey   3003f680 f   cg_fireteams.obj
 0001:0003edd0       _CG_Fireteams_Draw         3003fdd0 f   cg_fireteams.obj
 0001:0003ede0       _CG_Fireteams_KeyHandling  3003fde0 f   cg_fireteams.obj
 0001:0003ee00       _CG_Fireteams_Setup        3003fe00 f   cg_fireteams.obj
 0001:0003ee10       _CG_PlayerNFFromPos        3003fe10 f   cg_fireteams.obj
 0001:0003eed0       _CG_PlayerSFFromPos        3003fed0 f   cg_fireteams.obj
 0001:0003ef90       _CG_AddFlameChunks         3003ff90 f   cg_flamethrower.obj
 0001:0003f0e0       _CG_AddFlameSpriteToScene  300400e0 f   cg_flamethrower.obj
 0001:0003f6c0       _CG_AddFlameToScene        300406c0 f   cg_flamethrower.obj
 0001:00040070       _CG_ClearFlameChunks       30041070 f   cg_flamethrower.obj
 0001:00040120       _CG_FireFlameChunks        30041120 f   cg_flamethrower.obj
 0001:00040a10       _CG_FlameAdjustSpeed       30041a10 f   cg_flamethrower.obj
 0001:00040a60       _CG_FlameCalcOrg           30041a60 f   cg_flamethrower.obj
 0001:00040af0       _CG_FlameDamage            30041af0 f   cg_flamethrower.obj
 0001:00040b00       _CG_FlameLerpVec           30041b00 f   cg_flamethrower.obj
 0001:00040ba0       _CG_FreeFlameChunk         30041ba0 f   cg_flamethrower.obj
 0001:00040c50       _CG_GenerateShaders        30041c50 f   cg_flamethrower.obj
 0001:00040e70       _CG_InitFlameChunks        30041e70 f   cg_flamethrower.obj
 0001:00040f10       _CG_MergeFlameChunks       30041f10 f   cg_flamethrower.obj
 0001:00040fa0       _CG_MoveFlameChunk         30041fa0 f   cg_flamethrower.obj
 0001:00041320       _CG_SpawnFlameChunk        30042320 f   cg_flamethrower.obj
 0001:000413f0       _CG_UpdateFlamethrowerSounds 300423f0 f   cg_flamethrower.obj
 0001:00041530       _CG_CancelHudMenu_f        30042530 f   cg_hud.obj
 0001:00041560       _CG_DumpHud                30042560 f   cg_hud.obj
 0001:00041870       _CG_EditHud                30042870 f   cg_hud.obj
 0001:00043100       _CG_HudEditor_Draw         30044100 f   cg_hud.obj
 0001:00043e30       _CG_HudEditor_KeyHandling  30044e30 f   cg_hud.obj
 0001:00044ee0       _CG_HudEditor_MouseHandling 30045ee0 f   cg_hud.obj
 0001:00045b50       _CG_HudEditor_f            30046b50 f   cg_hud.obj
 0001:00045cf0       _CG_LoadBlankHud           30046cf0 f   cg_hud.obj
 0001:00045e10       _CG_LoadDefaultHud         30046e10 f   cg_hud.obj
 0001:00046060       _CG_LoadHud                30047060 f   cg_hud.obj
 0001:00046a60       _CG_LoadHudMenu_f          30047a60 f   cg_hud.obj
 0001:00046ab0       _CG_SaveHud                30047ab0 f   cg_hud.obj
 0001:00047470       _CG_SaveHudMenu_f          30048470 f   cg_hud.obj
 0001:000474c0       _CG_SaveHud_f              300484c0 f   cg_hud.obj
 0001:00047580       _CG_DemoClick              30048580 f   cg_info.obj
 0001:00047be0       _CG_DemoHelpDraw           30048be0 f   cg_info.obj
 0001:000480a0       _CG_DrawInformation        300490a0 f   cg_info.obj
 0001:000480e0       _CG_DrawOverlays           300490e0 f   cg_info.obj
 0001:00048100       _CG_GameStatsDraw          30049100 f   cg_info.obj
 0001:00048ae0       _CG_LoadingString          30049ae0 f   cg_info.obj
 0001:00048b20       _CG_ObjectivesDraw         30049b20 f   cg_info.obj
 0001:00049a30       _CG_ShowHelp_Off           3004aa30 f   cg_info.obj
 0001:00049aa0       _CG_ShowHelp_On            3004aaa0 f   cg_info.obj
 0001:00049b10       _CG_SpecHelpDraw           3004ab10 f   cg_info.obj
 0001:00049fb0       _CG_TopShotsDraw           3004afb0 f   cg_info.obj
 0001:0004a4e0       _CG_ViewingDraw            3004b4e0 f   cg_info.obj
 0001:0004a650       _CG_getBindKeyName         3004b650 f   cg_info.obj
 0001:0004a6d0       _CG_LimboPanel_WeaponLights_KeyDown 3004b6d0 f   cg_limbopanel.obj
 0001:0004a720       _CG_LimboPanel_WeaponPanel_KeyDown 3004b720 f   cg_limbopanel.obj
 0001:0004a770       _CG_LimboPanel_WeaponPanel_KeyUp 3004b770 f   cg_limbopanel.obj
 0001:0004a860       _CG_LimboPanel_ObjectiveText_KeyDown 3004b860 f   cg_limbopanel.obj
 0001:0004a8e0       _CG_LimboPanel_TeamButton_KeyDown 3004b8e0 f   cg_limbopanel.obj
 0001:0004a950       _CG_LimboPanel_ClassButton_KeyDown 3004b950 f   cg_limbopanel.obj
 0001:0004a9b0       _CG_LimboPanel_OkButton_KeyDown 3004b9b0 f   cg_limbopanel.obj
 0001:0004a9e0       _CG_LimboPanel_PlusButton_KeyDown 3004b9e0 f   cg_limbopanel.obj
 0001:0004aa40       _CG_LimboPanel_MinusButton_KeyDown 3004ba40 f   cg_limbopanel.obj
 0001:0004aaa0       _CG_LimboPanel_CancelButton_KeyDown 3004baa0 f   cg_limbopanel.obj
 0001:0004ab00       _CG_LimboPanel_Filter_KeyDown 3004bb00 f   cg_limbopanel.obj
 0001:0004ab40       _CG_LimboPanel_BriefingButton_KeyDown 3004bb40 f   cg_limbopanel.obj
 0001:0004abd0       _CG_LimboPanel_BriefingButton_Draw 3004bbd0 f   cg_limbopanel.obj
 0001:0004ac60       _CG_LimboPanel_ClassBar_Draw 3004bc60 f   cg_limbopanel.obj
 0001:0004ae80       _CG_LimboPanel_Filter_Draw 3004be80 f   cg_limbopanel.obj
 0001:0004af20       _CG_LimboPanel_RenderSkillIcon 3004bf20 f   cg_limbopanel.obj
 0001:0004af80       _CG_LimboPanel_RenderTeamButton 3004bf80 f   cg_limbopanel.obj
 0001:0004b100       _CG_LimboPanel_RenderClassButton 3004c100 f   cg_limbopanel.obj
 0001:0004b500       _CG_LimboPanel_RenderObjectiveText 3004c500 f   cg_limbopanel.obj
 0001:0004b850       _CG_LimboPanel_RenderCommandMap 3004c850 f   cg_limbopanel.obj
 0001:0004b890       _CG_LimboPanel_RenderObjectiveBack 3004c890 f   cg_limbopanel.obj
 0001:0004b8c0       _CG_LimboPanel_RenderLight 3004c8c0 f   cg_limbopanel.obj
 0001:0004b950       _CG_LimboPanel_WeaponLights 3004c950 f   cg_limbopanel.obj
 0001:0004b9b0       _CG_LimboPanel_RenderHead  3004c9b0 f   cg_limbopanel.obj
 0001:0004bd90       _CG_LimboPanel_WeaponPanel 3004cd90 f   cg_limbopanel.obj
 0001:0004c150       _CG_LimboPanel_Border_Draw 3004d150 f   cg_limbopanel.obj
 0001:0004c170       _CG_LimboPanel_RenderMedal 3004d170 f   cg_limbopanel.obj
 0001:0004c200       _CG_LimboPanel_RenderCounter 3004d200 f   cg_limbopanel.obj
 0001:0004c570       _CG_LimboPanelRenderText_NoLMS 3004d570 f   cg_limbopanel.obj
 0001:0004c590       _CG_LimboPanelRenderText_SkillsText 3004d590 f   cg_limbopanel.obj
 0001:0004c5b0       _CG_LimboPanel_NameEditFinish 3004d5b0 f   cg_limbopanel.obj
 0001:0004c600       _CG_DrawBorder             3004d600 f   cg_limbopanel.obj
 0001:0004c970       _CG_DrawPlayerHead         3004d970 f   cg_limbopanel.obj
 0001:0004cd40       _CG_IsHeavyWeapon          3004dd40 f   cg_limbopanel.obj
 0001:0004cd70       _CG_LimboPanel_Draw        3004dd70 f   cg_limbopanel.obj
 0001:0004cea0       _CG_LimboPanel_GetCharacter 3004dea0 f   cg_limbopanel.obj
 0001:0004ced0       _CG_LimboPanel_GetClass    3004ded0 f   cg_limbopanel.obj
 0001:0004cee0       _CG_LimboPanel_GetMaxObjectives 3004dee0 f   cg_limbopanel.obj
 0001:0004cf10       _CG_LimboPanel_GetPlayerClass 3004df10 f   cg_limbopanel.obj
 0001:0004cf30       _CG_LimboPanel_GetRealTeam 3004df30 f   cg_limbopanel.obj
 0001:0004cf50       _CG_LimboPanel_GetSelectedWeapon 3004df50 f   cg_limbopanel.obj
 0001:0004cf70       _CG_LimboPanel_GetSelectedWeaponForSlot 3004df70 f   cg_limbopanel.obj
 0001:0004cfa0       _CG_LimboPanel_GetSelectedWeaponNum 3004dfa0 f   cg_limbopanel.obj
 0001:0004cfe0       _CG_LimboPanel_GetSelectedWeaponStat 3004dfe0 f   cg_limbopanel.obj
 0001:0004cff0       _CG_LimboPanel_GetTeam     3004dff0 f   cg_limbopanel.obj
 0001:0004d000       _CG_LimboPanel_GetWeaponCardIconData 3004e000 f   cg_limbopanel.obj
 0001:0004d260       _CG_LimboPanel_GetWeaponForNumber 3004e260 f   cg_limbopanel.obj
 0001:0004d380       _CG_LimboPanel_GetWeaponNumberForPos 3004e380 f   cg_limbopanel.obj
 0001:0004d3f0       _CG_LimboPanel_Init        3004e3f0 f   cg_limbopanel.obj
 0001:0004d400       _CG_LimboPanel_KeyHandling 3004e400 f   cg_limbopanel.obj
 0001:0004d470       _CG_LimboPanel_RealWeaponIsDisabled 3004e470 f   cg_limbopanel.obj
 0001:0004d8e0       _CG_LimboPanel_RenderCounterNumber 3004e8e0 f   cg_limbopanel.obj
 0001:0004d9f0       _CG_LimboPanel_RenderCounter_CountsDown 3004e9f0 f   cg_limbopanel.obj
 0001:0004da10       _CG_LimboPanel_RenderCounter_CountsUp 3004ea10 f   cg_limbopanel.obj
 0001:0004da30       _CG_LimboPanel_RenderCounter_GetShaders 3004ea30 f   cg_limbopanel.obj
 0001:0004da80       _CG_LimboPanel_RenderCounter_IsReversed 3004ea80 f   cg_limbopanel.obj
 0001:0004daa0       _CG_LimboPanel_RenderCounter_MaxChangeForButton 3004eaa0 f   cg_limbopanel.obj
 0001:0004dac0       _CG_LimboPanel_RenderCounter_NumRollers 3004eac0 f   cg_limbopanel.obj
 0001:0004db40       _CG_LimboPanel_RenderCounter_RollTimeForButton 3004eb40 f   cg_limbopanel.obj
 0001:0004dbe0       _CG_LimboPanel_RenderCounter_StartSet 3004ebe0 f   cg_limbopanel.obj
 0001:0004dc00       _CG_LimboPanel_RenderCounter_ValueForButton 3004ec00 f   cg_limbopanel.obj
 0001:0004de40       _CG_LimboPanel_RenderLight_GetValue 3004ee40 f   cg_limbopanel.obj
 0001:0004de90       _CG_LimboPanel_RequestObjective 3004ee90 f   cg_limbopanel.obj
 0001:0004dee0       _CG_LimboPanel_RequestWeaponStats 3004eee0 f   cg_limbopanel.obj
 0001:0004df00       _CG_LimboPanel_SendSetupMsg 3004ef00 f   cg_limbopanel.obj
 0001:0004e040       _CG_LimboPanel_SetSelectedWeaponNum 3004f040 f   cg_limbopanel.obj
 0001:0004e080       _CG_LimboPanel_SetSelectedWeaponNumForSlot 3004f080 f   cg_limbopanel.obj
 0001:0004e0a0       _CG_LimboPanel_Setup       3004f0a0 f   cg_limbopanel.obj
 0001:0004e290       _CG_LimboPanel_TeamCount   3004f290 f   cg_limbopanel.obj
 0001:0004e300       _CG_LimboPanel_WeaponCount 3004f300 f   cg_limbopanel.obj
 0001:0004e310       _CG_LimboPanel_WeaponCount_ForSlot 3004f310 f   cg_limbopanel.obj
 0001:0004e380       _CG_LimboPanel_WeaponFromNum 3004f380 f   cg_limbopanel.obj
 0001:0004e3c0       _CG_LimboPanel_WeaponIsDisabled 3004f3c0 f   cg_limbopanel.obj
 0001:0004e3e0       _CG_LimboPanel_WeaponPanel_DrawWeapon 3004f3e0 f   cg_limbopanel.obj
 0001:0004e730       _ExtractInt                3004f730 f   cg_limbopanel.obj
 0001:0004e7d0       _CG_LoadPanel_RenderCampaignPins 3004f7d0 f   cg_loadpanel.obj
 0001:0004e970       _CG_LoadPanel_RenderMissionDescriptionText 3004f970 f   cg_loadpanel.obj
 0001:0004eb00       _CG_LoadPanel_RenderCampaignTypeText 3004fb00 f   cg_loadpanel.obj
 0001:0004eb80       _CG_LoadPanel_RenderCampaignNameText 3004fb80 f   cg_loadpanel.obj
 0001:0004ecf0       _CG_LoadPanel_RenderLoadingBar 3004fcf0 f   cg_loadpanel.obj
 0001:0004eda0       _CG_DrawConnectScreen      3004fda0 f   cg_loadpanel.obj
 0001:0004f4b0       _CG_LoadPanel_ContinueButtonKeyDown 300504b0 f   cg_loadpanel.obj
 0001:0004f4e0       _CG_LoadPanel_DrawPin      300504e0 f   cg_loadpanel.obj
 0001:0004f790       _CG_LoadPanel_GameTypeName 30050790 f   cg_loadpanel.obj
 0001:0004f800       _CG_LoadPanel_KeyHandling  30050800 f   cg_loadpanel.obj
 0001:0004f820       _CG_AddBloodElements       30050820 f   cg_localents.obj
 0001:0004f9f0       _CG_AddConstRGB            300509f0 f   cg_localents.obj
 0001:0004fa40       _CG_AddDebrisElements      30050a40 f   cg_localents.obj
 0001:0004fc30       _CG_AddEmitter             30050c30 f   cg_localents.obj
 0001:0004fda0       _CG_AddFadeRGB             30050da0 f   cg_localents.obj
 0001:0004ff20       _CG_AddFragment            30050f20 f   cg_localents.obj
 0001:000509d0       _CG_AddFuseSparkElements   300519d0 f   cg_localents.obj
 0001:00050b00       _CG_AddLocalEntities       30051b00 f   cg_localents.obj
 0001:00050db0       _CG_AddMovingTracer        30051db0 f   cg_localents.obj
 0001:00050f50       _CG_AddShrapnel            30051f50 f   cg_localents.obj
 0001:00051180       _CG_AddSparkElements       30052180 f   cg_localents.obj
 0001:00051570       _CG_AllocLocalEntity       30052570 f   cg_localents.obj
 0001:000515d0       _CG_BloodTrail             300525d0 f   cg_localents.obj
 0001:00051700       _CG_FragmentBounceMark     30052700 f   cg_localents.obj
 0001:000517e0       _CG_FragmentBounceSound    300527e0 f   cg_localents.obj
 0001:000518c0       _CG_FreeLocalEntity        300528c0 f   cg_localents.obj
 0001:00051900       _CG_GetLocation            30052900 f   cg_localents.obj
 0001:000519e0       _CG_GetLocationMsg         300529e0 f   cg_localents.obj
 0001:00051a30       _CG_InitLocalEntities      30052a30 f   cg_localents.obj
 0001:00051a90       _CG_LoadLocations          30052a90 f   cg_localents.obj
 0001:00051e90       _CG_ReflectVelocity        30052e90 f   cg_localents.obj
 0001:00052010       _CG_Argv                   30053010 f   cg_main.obj
 0001:00052030       _CG_AssetCache             30053030 f   cg_main.obj
 0001:00052140       _CG_Asset_Parse            30053140 f   cg_main.obj
 0001:00052540       _CG_BackupProfile          30053540 f   cg_main.obj
 0001:000526d0       _CG_CheckExecKey           300536d0 f   cg_main.obj
 0001:000526f0       _CG_ConfigString           300536f0 f   cg_main.obj
 0001:00052720       _CG_ConfigStringCopy       30053720 f   cg_main.obj
 0001:00052750       _CG_CrosshairPlayer        30053750 f   cg_main.obj
 0001:00052770       _CG_Cvar_Get               30053770 f   cg_main.obj
 0001:00052810       _CG_Error                  30053810 f   cg_main.obj
 0001:00052cc0       _CG_Init                   30053cc0 f   cg_main.obj
 0001:00053240       _CG_IsSinglePlayer         30054240 f   cg_main.obj
 0001:00053260       _CG_LastAttacker           30054260 f   cg_main.obj
 0001:00053290       _CG_LoadHudMenu            30054290 f   cg_main.obj
 0001:00053510       _CG_LoadMenus              30054510 f   cg_main.obj
 0001:00053680       _CG_LoadObjectiveData      30054680 f   cg_main.obj
 0001:00053900       _CG_Load_Menu              30054900 f   cg_main.obj
 0001:00053990       _CG_ParseMenu              30054990 f   cg_main.obj
 0001:00053a90       _CG_Printf                 30054a90 f   cg_main.obj
 0001:00053b00       _CG_QueueMusic             30054b00 f   cg_main.obj
 0001:00053b90       _CG_RegisterCvars          30054b90 f   cg_main.obj
 0001:00055e40       _CG_RestoreProfile         30056e40 f   cg_main.obj
 0001:00055fc0       _CG_SetupDlightstyles      30056fc0 f   cg_main.obj
 0001:00056140       _CG_Shutdown               30057140 f   cg_main.obj
 0001:00056170       _CG_StartMusic             30057170 f   cg_main.obj
 0001:00056220       _CG_Text_PaintWithCursor   30057220 f   cg_main.obj
 0001:00056270       _CG_UpdateCvars            30057270 f   cg_main.obj
 0001:00056570       _CG_execFile               30057570 f   cg_main.obj
 0001:000565c0       _CG_findClientNum          300575c0 f   cg_main.obj
 0001:000566f0       _CG_generateFilename       300576f0 f   cg_main.obj
 0001:00056770       _CG_nameCleanFilename      30057770 f   cg_main.obj
 0001:000567e0       _CG_printConsoleString     300577e0 f   cg_main.obj
 0001:00056800       _CG_setClientFlags         30057800 f   cg_main.obj
 0001:00056880       _CG_setMacAddress          30057880 f   cg_main.obj
 0001:00056950       _Com_Error                 30057950 f   cg_main.obj
 0001:000569a0       _Com_Printf                300579a0 f   cg_main.obj
 0001:000569f0       _vmMain                    300579f0 f   cg_main.obj
 0001:00056b40       _CG_AddMarks               30057b40 f   cg_marks.obj
 0001:00056c60       _CG_AllocMark              30057c60 f   cg_marks.obj
 0001:00056cd0       _CG_FreeMarkPoly           30057cd0 f   cg_marks.obj
 0001:00056d10       _CG_ImpactMark             30057d10 f   cg_marks.obj
 0001:00056ef0       _CG_InitMarkPolys          30057ef0 f   cg_marks.obj
 0001:00056f50       _CG_DescriptionForCampaign 30057f50 f   cg_missionbriefing.obj
 0001:00056f70       _CG_FindArenaInfo          30057f70 f   cg_missionbriefing.obj
 0001:00057440       _CG_FindCampaignInFile     30058440 f   cg_missionbriefing.obj
 0001:000578a0       _CG_LocateArena            300588a0 f   cg_missionbriefing.obj
 0001:00057900       _CG_LocateCampaign         30058900 f   cg_missionbriefing.obj
 0001:00057a30       _CG_NameForCampaign        30058a30 f   cg_missionbriefing.obj
 0001:00057a50       _CG_mvClientLocate         30058a50 f   cg_multiview.obj
 0001:00057aa0       _CG_mvCreate               30058aa0 f   cg_multiview.obj
 0001:00057bd0       _CG_mvCurrent              30058bd0 f   cg_multiview.obj
 0001:00057c10       _CG_mvDelete_f             30058c10 f   cg_multiview.obj
 0001:00057ca0       _CG_mvDraw                 30058ca0 f   cg_multiview.obj
 0001:00058420       _CG_mvFindNonMainview      30059420 f   cg_multiview.obj
 0001:000584c0       _CG_mvFree                 300594c0 f   cg_multiview.obj
 0001:00058500       _CG_mvHideView_f           30059500 f   cg_multiview.obj
 0001:00058520       _CG_mvMainviewSwap         30059520 f   cg_multiview.obj
 0001:00058560       _CG_mvMergedClientLocate   30059560 f   cg_multiview.obj
 0001:000585a0       _CG_mvNew_f                300595a0 f   cg_multiview.obj
 0001:00058620       _CG_mvOverlayClientUpdate  30059620 f   cg_multiview.obj
 0001:000586f0       _CG_mvOverlayDisplay       300596f0 f   cg_multiview.obj
 0001:00058960       _CG_mvOverlayUpdate        30059960 f   cg_multiview.obj
 0001:000589a0       _CG_mvProcessClientList    300599a0 f   cg_multiview.obj
 0001:00058a20       _CG_mvShowView_f           30059a20 f   cg_multiview.obj
 0001:00058a70       _CG_mvSwapViews_f          30059a70 f   cg_multiview.obj
 0001:00058a90       _CG_mvToggleAll_f          30059a90 f   cg_multiview.obj
 0001:00058ad0       _CG_mvToggleView_f         30059ad0 f   cg_multiview.obj
 0001:00058b20       _CG_mvTransitionPlayerState 30059b20 f   cg_multiview.obj
 0001:00058d60       _CG_mvUpdateClientInfo     30059d60 f   cg_multiview.obj
 0001:00058f90       _CG_mvWindowOverlay        30059f90 f   cg_multiview.obj
 0001:00059560       _CG_mvZoomBinoc            3005a560 f   cg_multiview.obj
 0001:00059870       _CG_mvZoomSniper           3005a870 f   cg_multiview.obj
 0001:00059ae0       _CG_mv_KeyHandling         3005aae0 f   cg_multiview.obj
 0001:00059c80       _CG_ClientNumFromName      3005ac80 f   cg_newDraw.obj
 0001:00059ce0       _CG_DrawCursorhint         3005ace0 f   cg_newDraw.obj
 0001:0005a190       _CG_DrawPlayerWeaponIcon   3005b190 f   cg_newDraw.obj
 0001:0005a370       _CG_DrawWeapHeat           3005b370 f   cg_newDraw.obj
 0001:0005a400       _CG_DrawWeapStability      3005b400 f   cg_newDraw.obj
 0001:0005a4b0       _CG_EventHandling          3005b4b0 f   cg_newDraw.obj
 0001:0005a700       _CG_FitTextToWidth2        3005b700 f   cg_newDraw.obj
 0001:0005a800       _CG_FitTextToWidth_Ext     3005b800 f   cg_newDraw.obj
 0001:0005a900       _CG_FitTextToWidth_SingleLine 3005b900 f   cg_newDraw.obj
 0001:0005a9b0       _CG_GetTeamColor           3005b9b0 f   cg_newDraw.obj
 0001:0005aa10       _CG_GetValue               3005ba10 f   cg_newDraw.obj
 0001:0005aa20       _CG_KeyEvent               3005ba20 f   cg_newDraw.obj
 0001:0005aac0       _CG_MouseEvent             3005bac0 f   cg_newDraw.obj
 0001:0005ac20       _CG_OtherTeamHasFlag       3005bc20 f   cg_newDraw.obj
 0001:0005ac30       _CG_OwnerDrawVisible       3005bc30 f   cg_newDraw.obj
 0001:0005ac40       _CG_RunMenuScript          3005bc40 f   cg_newDraw.obj
 0001:0005ac50       _CG_TrimLeftPixels         3005bc50 f   cg_newDraw.obj
 0001:0005ad40       _CG_YourTeamHasFlag        3005bd40 f   cg_newDraw.obj
 0001:0005adc0       _CG_BuildFilePath          3005bdc0 f   cg_osfile.obj
 0001:0005ae30       _CG_DeleteFile             3005be30 f   cg_osfile.obj
 0001:0005ae50       _CG_IsDirectory            3005be50 f   cg_osfile.obj
 0001:0005aeb0       _CG_IsFile                 3005beb0 f   cg_osfile.obj
 0001:0005af10       _CG_IterateDirectory       3005bf10 f   cg_osfile.obj
 0001:0005b050       _CG_ReadDataFromFile       3005c050 f   cg_osfile.obj
 0001:0005b110       _CG_RenameFile             3005c110 f   cg_osfile.obj
 0001:0005b130       _CG_WriteDataToFile        3005c130 f   cg_osfile.obj
 0001:0005b1f0       _CG_AddParticleShrapnel    3005c1f0 f   cg_particles.obj
 0001:0005b200       _CG_AddParticleToScene     3005c200 f   cg_particles.obj
 0001:0005cc90       _CG_AddParticles           3005dc90 f   cg_particles.obj
 0001:0005cfc0       _CG_ClearParticles         3005dfc0 f   cg_particles.obj
 0001:0005d0d0       _CG_NewParticleArea        3005e0d0 f   cg_particles.obj
 0001:0005d290       _CG_OilSlickRemove         3005e290 f   cg_particles.obj
 0001:0005d2f0       _CG_ParticleBloodCloud     3005e2f0 f   cg_particles.obj
 0001:0005d510       _CG_ParticleBloodCloudZombie 3005e510 f   cg_particles.obj
 0001:0005d870       _CG_ParticleBubble         3005e870 f   cg_particles.obj
 0001:0005db10       _CG_ParticleBulletDebris   3005eb10 f   cg_particles.obj
 0001:0005dc00       _CG_ParticleDirtBulletDebris 3005ec00 f   cg_particles.obj
 0001:0005dd20       _CG_ParticleDirtBulletDebris_Core 3005ed20 f   cg_particles.obj
 0001:0005de40       _CG_ParticleDust           3005ee40 f   cg_particles.obj
 0001:0005e260       _CG_ParticleExplosion      3005f260 f   cg_particles.obj
 0001:0005e3d0       _CG_ParticleImpactSmokePuff 3005f3d0 f   cg_particles.obj
 0001:0005e400       _CG_ParticleImpactSmokePuffExtended 3005f400 f   cg_particles.obj
 0001:0005e590       _CG_ParticleMisc           3005f590 f   cg_particles.obj
 0001:0005e660       _CG_ParticleSmoke          3005f660 f   cg_particles.obj
 0001:0005eb70       _CG_ParticleSnow           3005fb70 f   cg_particles.obj
 0001:0005eda0       _CG_ParticleSnowFlurry     3005fda0 f   cg_particles.obj
 0001:0005efe0       _CG_ParticleSparks         3005ffe0 f   cg_particles.obj
 0001:0005f290       _CG_Particle_Bleed         30060290 f   cg_particles.obj
 0001:0005f3d0       _CG_Particle_OilParticle   300603d0 f   cg_particles.obj
 0001:0005f530       _CG_Particle_OilSlick      30060530 f   cg_particles.obj
 0001:0005f700       _CG_SnowLink               30060700 f   cg_particles.obj
 0001:0005f750       _ValidBloodPool            30060750 f   cg_particles.obj
 0001:0005fad0       _CG_AddRefEntityWithPowerups 30060ad0 f   cg_players.obj
 0001:0005fca0       _CG_AnimPlayerConditions   30060ca0 f   cg_players.obj
 0001:0005ffc0       _CG_ClearHudHeadLerpFrame  30060fc0 f   cg_players.obj
 0001:00060050       _CG_ClearLerpFrameRate     30061050 f   cg_players.obj
 0001:000600a0       _CG_CustomSound            300610a0 f   cg_players.obj
 0001:000600c0       _CG_DrawPlayer_Limbo       300610c0 f   cg_players.obj
 0001:00060810       _CG_EntOnFire              30061810 f   cg_players.obj
 0001:00060870       _CG_GetBleedOrigin         30061870 f   cg_players.obj
 0001:00060a20       _CG_GetLimboAnimation      30061a20 f   cg_players.obj
 0001:00060ab0       _CG_GetSelectedWeapon      30061ab0 f   cg_players.obj
 0001:00060ac0       _CG_GetTag                 30061ac0 f   cg_players.obj
 0001:00060c20       _CG_GetWeaponTag           30061c20 f   cg_players.obj
 0001:00060da0       _CG_HudHeadAnimation       30061da0 f   cg_players.obj
 0001:00060de0       _CG_IsCrouchingAnim        30061de0 f   cg_players.obj
 0001:00060e50       _CG_MenuCheckPendingAnimation 30061e50 f   cg_players.obj
 0001:00060ef0       _CG_MenuPendingAnimation   30061ef0 f   cg_players.obj
 0001:00060f80       _CG_MenuSetAnimation       30061f80 f   cg_players.obj
 0001:00061050       _CG_NewClientInfo          30062050 f   cg_players.obj
 0001:000616e0       _CG_ParseTeamXPs           300626e0 f   cg_players.obj
 0001:00061750       _CG_Player                 30062750 f   cg_players.obj
 0001:000623f0       _CG_PlayerAngles_Limbo     300633f0 f   cg_players.obj
 0001:000626d0       _CG_PlayerClassForClientinfo 300636d0 f   cg_players.obj
 0001:00062f80       _CG_ResetPlayerEntity      30063f80 f   cg_players.obj
 0001:00063100       _CG_RunHudHeadLerpFrame    30064100 f   cg_players.obj
 0001:00063240       _CG_RunLerpFrame           30064240 f   cg_players.obj
 0001:000633b0       _CG_RunLerpFrameRate       300643b0 f   cg_players.obj
 0001:000639c0       _CG_SetHudHeadLerpFrameAnimation 300649c0 f   cg_players.obj
 0001:00063aa0       _CG_SetLerpFrameAnimationRate 30064aa0 f   cg_players.obj
 0001:00063fd0       _WM_FindWeaponTypeForWeapon 30064fd0 f   cg_players.obj
 0001:00064010       _WM_RegisterWeaponTypeShaders 30065010 f   cg_players.obj
 0001:00064030       _vtosf                     30065030 f   cg_players.obj
 0001:00064090       _CG_CheckAmmo              30065090 f   cg_playerstate.obj
 0001:00064120       _CG_CheckChangedPredictableEvents 30065120 f   cg_playerstate.obj
 0001:000641b0       _CG_CheckLocalSounds       300651b0 f   cg_playerstate.obj
 0001:00064490       _CG_CheckPlayerstateEvents 30065490 f   cg_playerstate.obj
 0001:00064560       _CG_CheckPlayerstateEvents_wolf 30065560 f   cg_playerstate.obj
 0001:000645c0       _CG_DamageFeedback         300655c0 f   cg_playerstate.obj
 0001:00064a00       _CG_Respawn                30065a00 f   cg_playerstate.obj
 0001:00064b80       _CG_TransitionPlayerState  30065b80 f   cg_playerstate.obj
 0001:00064dd0       _CG_PB_ClearPolyBuffers    30065dd0 f   cg_polybus.obj
 0001:00064df0       _CG_PB_FindFreePolyBuffer  30065df0 f   cg_polybus.obj
 0001:00064ec0       _CG_PB_RenderPolyBuffers   30065ec0 f   cg_polybus.obj
 0001:00064f00       _CG_AddPMItem              30065f00 f   cg_popupmessages.obj
 0001:00065020       _CG_AddPMItemBig           30066020 f   cg_popupmessages.obj
 0001:000650c0       _CG_AddToListFront         300660c0 f   cg_popupmessages.obj
 0001:000650e0       _CG_DrawKeyHint            300660e0 f   cg_popupmessages.obj
 0001:000650f0       _CG_DrawPMItems            300660f0 f   cg_popupmessages.obj
 0001:000653e0       _CG_DrawPMItemsBig         300663e0 f   cg_popupmessages.obj
 0001:00065530       _CG_FindFreePMItem         30066530 f   cg_popupmessages.obj
 0001:000655b0       _CG_FindFreePMItem2        300665b0 f   cg_popupmessages.obj
 0001:000655e0       _CG_GetPMItemIcon          300665e0 f   cg_popupmessages.obj
 0001:00065630       _CG_GetPMItemText          30066630 f   cg_popupmessages.obj
 0001:00065a10       _CG_InitPM                 30066a10 f   cg_popupmessages.obj
 0001:00065a60       _CG_InitPMGraphics         30066a60 f   cg_popupmessages.obj
 0001:00065b30       _CG_PMItemBigSound         30066b30 f   cg_popupmessages.obj
 0001:00065b80       _CG_PlayPMItemSound        30066b80 f   cg_popupmessages.obj
 0001:00065cd0       _CG_TimeForBigPopup        30066cd0 f   cg_popupmessages.obj
 0001:00065ce0       _CG_TimeForPopup           30066ce0 f   cg_popupmessages.obj
 0001:00065cf0       _CG_UpdatePMLists          30066cf0 f   cg_popupmessages.obj
 0001:00065e50       _CG_BuildSolidList         30066e50 f   cg_predict.obj
 0001:00065f40       _CG_ClientHitboxMaxZ       30066f40 f   cg_predict.obj
 0001:00066410       _CG_FTTrace                30067410 f   cg_predict.obj
 0001:00066680       _CG_PointContents          30067680 f   cg_predict.obj
 0001:00066700       _CG_PredictPlayerState     30067700 f   cg_predict.obj
 0001:00067440       _CG_PredictionOk           30068440 f   cg_predict.obj
 0001:00067c10       _CG_Trace                  30068c10 f   cg_predict.obj
 0001:00067cc0       _CG_TraceCapsule           30068cc0 f   cg_predict.obj
 0001:00067d70       _CG_TraceCapsule_World     30068d70 f   cg_predict.obj
 0001:00067e00       _CG_Trace_World            30068e00 f   cg_predict.obj
 0001:00067e90       _CG_DrawScoreboard         30068e90 f   cg_scoreboard.obj
 0001:00067fd0       _CG_SortScoresByKR         30068fd0 f   cg_scoreboard.obj
 0001:00068010       _CG_SortScoresByPR         30069010 f   cg_scoreboard.obj
 0001:000691f0       _WM_DrawObjectives         3006a1f0 f   cg_scoreboard.obj
 0001:0006a390       _WM_TimeToString           3006b390 f   cg_scoreboard.obj
 0001:0006a400       _cf_draw                   3006b400 f   cg_scoreboard.obj
 0001:0006a5a0       _CG_AddBufferedVoiceChat   3006b5a0 f   cg_servercmds.obj
 0001:0006a5d0       _CG_AddToTeamChat          3006b5d0 f   cg_servercmds.obj
 0001:0006a790       _CG_Args                   3006b790 f   cg_servercmds.obj
 0001:0006a820       _CG_ChargeTimesChanged     3006b820 f   cg_servercmds.obj
 0001:0006aea0       _CG_ExecuteNewServerCommands 3006bea0 f   cg_servercmds.obj
 0001:0006afe0       _CG_GetVoiceChat           3006bfe0 f   cg_servercmds.obj
 0001:0006b090       _CG_HeadModelVoiceChats    3006c090 f   cg_servercmds.obj
 0001:0006b1e0       _CG_LoadVoiceChats         3006c1e0 f   cg_servercmds.obj
 0001:0006b240       _CG_LocalizeServerCommand  3006c240 f   cg_servercmds.obj
 0001:0006b720       _CG_OIDInfoForEntityNum    3006c720 f   cg_servercmds.obj
 0001:0006b750       _CG_ParseEtpubinfo         3006c750 f   cg_servercmds.obj
 0001:0006beb0       _CG_ParseOIDInfo           3006ceb0 f   cg_servercmds.obj
 0001:0006c080       _CG_ParseOIDInfos          3006d080 f   cg_servercmds.obj
 0001:0006c100       _CG_ParsePortalPos         3006d100 f   cg_servercmds.obj
 0001:0006c190       _CG_ParseReinforcementTimes 3006d190 f   cg_servercmds.obj
 0001:0006c450       _CG_ParseServerVersionInfo 3006d450 f   cg_servercmds.obj
 0001:0006c470       _CG_ParseServerinfo        3006d470 f   cg_servercmds.obj
 0001:0006c6e0       _CG_ParseSpawns            3006d6e0 f   cg_servercmds.obj
 0001:0006c9f0       _CG_ParseVoiceChats        3006d9f0 f   cg_servercmds.obj
 0001:0006ce90       _CG_ParseWeaponStats       3006de90 f   cg_servercmds.obj
 0001:0006cec0       _CG_ParseWolfinfo          3006dec0 f   cg_servercmds.obj
 0001:0006d000       _CG_PlayBufferedVoiceChats 3006e000 f   cg_servercmds.obj
 0001:0006d060       _CG_PlayVoiceChat          3006e060 f   cg_servercmds.obj
 0001:0006e430       _CG_SetConfigValues        3006f430 f   cg_servercmds.obj
 0001:0006e510       _CG_ShaderStateChanged     3006f510 f   cg_servercmds.obj
 0001:0006e660       _CG_VoiceChat              3006f660 f   cg_servercmds.obj
 0001:0006e880       _CG_VoiceChatListForClient 3006f880 f   cg_servercmds.obj
 0001:0006e8a0       _CG_VoiceChatLocal         3006f8a0 f   cg_servercmds.obj
 0001:0006eb40       _CG_dumpStats              3006fb40 f   cg_servercmds.obj
 0001:0006ec50       _CG_parseBestShotsStats_cmd 3006fc50 f   cg_servercmds.obj
 0001:0006ee50       _CG_parseTopShotsStats_cmd 3006fe50 f   cg_servercmds.obj
 0001:0006f030       _CG_parseWeaponStatsGS_cmd 30070030 f   cg_servercmds.obj
 0001:0006f510       _CG_parseWeaponStats_cmd   30070510 f   cg_servercmds.obj
 0001:0006fb40       _CG_printFile              30070b40 f   cg_servercmds.obj
 0001:0006fbc0       _CG_scores_cmd             30070bc0 f   cg_servercmds.obj
 0001:0006fd00       _CG_topshotsParse_cmd      30070d00 f   cg_servercmds.obj
 0001:0006fe60       _CG_wstatsParse_cmd        30070e60 f   cg_servercmds.obj
 0001:00070020       _CG_AddFloatingString      30071020 f   cg_shoutcaster.obj
 0001:00070260       _CG_DrawFloatingStrings    30071260 f   cg_shoutcaster.obj
 0001:00070340       _CG_DrawLandmine           30071340 f   cg_shoutcaster.obj
 0001:000703d0       _CG_PointIsVisible         300713d0 f   cg_shoutcaster.obj
 0001:00070420       _CG_WorldToScreen          30071420 f   cg_shoutcaster.obj
 0001:00070590       _CG_ProcessSnapshots       30071590 f   cg_snapshot.obj
 0001:000708b0       _CG_SetInitialSnapshot     300718b0 f   cg_snapshot.obj
 0001:00070fe0       _CG_SpeakerInfo_Text       30071fe0 f   cg_sound.obj
 0001:00071650       _CG_SpeakerEditor_RenderEdit 30072650 f   cg_sound.obj
 0001:00071740       _CG_SpeakerEditor_RenderButton 30072740 f   cg_sound.obj
 0001:000718c0       _CG_SpeakerEditor_RenderDropdown 300728c0 f   cg_sound.obj
 0001:00071e40       _CG_SpeakerEditor_Back     30072e40 f   cg_sound.obj
 0001:00071f80       _CG_SpeakerEditor_LocInfo  30072f80 f   cg_sound.obj
 0001:00072020       _CG_SpeakerEditor_NoiseEdit_KeyDown 30073020 f   cg_sound.obj
 0001:000722d0       _CG_SpeakerEditor_NoiseEditFinish 300732d0 f   cg_sound.obj
 0001:00072320       _CG_SpeakerEditor_TargetnameEditFinish 30073320 f   cg_sound.obj
 0001:00072340       _CG_SpeakerEditor_Dropdown_KeyDown 30073340 f   cg_sound.obj
 0001:00072370       _CG_SpeakerEditor_Looped_KeyUp 30073370 f   cg_sound.obj
 0001:00072430       _CG_SpeakerEditor_Broadcast_KeyUp 30073430 f   cg_sound.obj
 0001:000724d0       _CG_SpeakerEditor_WaitEditFinish 300734d0 f   cg_sound.obj
 0001:00072530       _CG_SpeakerEditor_RandomEditFinish 30073530 f   cg_sound.obj
 0001:00072590       _CG_SpeakerEditor_VolumeEditFinish 30073590 f   cg_sound.obj
 0001:00072610       _CG_SpeakerEditor_RangeEditFinish 30073610 f   cg_sound.obj
 0001:00072670       _CG_SpeakerEditor_Ok_KeyDown 30073670 f   cg_sound.obj
 0001:000726a0       _CG_SpeakerEditor_Ok_KeyUp 300736a0 f   cg_sound.obj
 0001:00072700       _CG_SpeakerEditor_Cancel_KeyDown 30073700 f   cg_sound.obj
 0001:00072730       _CG_SpeakerEditor_Cancel_KeyUp 30073730 f   cg_sound.obj
 0001:000727b0       _CG_SpeakerEditor_Delete_KeyDown 300737b0 f   cg_sound.obj
 0001:000727e0       _CG_SpeakerEditor_Delete_KeyUp 300737e0 f   cg_sound.obj
 0001:00072860       _CG_ActivateEditSoundMode  30073860 f   cg_sound.obj
 0001:000728e0       _CG_AddBufferedSoundScript 300738e0 f   cg_sound.obj
 0001:00072930       _CG_AddLineToScene         30073930 f   cg_sound.obj
 0001:00072a00       _CG_AddScriptSpeakers      30073a00 f   cg_sound.obj
 0001:00072b30       _CG_DeActivateEditSoundMode 30073b30 f   cg_sound.obj
 0001:00072b90       _CG_GetStrFromStrArray     30073b90 f   cg_sound.obj
 0001:00072bc0       _CG_ModifyEditSpeaker      30073bc0 f   cg_sound.obj
 0001:000731d0       _CG_SaveSpeakersToScript   300741d0 f   cg_sound.obj
 0001:000734a0       _CG_SetActiveOnScriptSpeaker 300744a0 f   cg_sound.obj
 0001:000734c0       _CG_SetViewanglesForSpeakerEditor 300744c0 f   cg_sound.obj
 0001:00073540       _CG_SoundInit              30074540 f   cg_sound.obj
 0001:00073b90       _CG_SoundPickOldestRandomSound 30074b90 f   cg_sound.obj
 0001:00073c60       _CG_SoundPlayIndexedScript 30074c60 f   cg_sound.obj
 0001:00073c90       _CG_SoundPlaySoundScript   30074c90 f   cg_sound.obj
 0001:00073d20       _CG_SoundScriptPrecache    30074d20 f   cg_sound.obj
 0001:00073dc0       _CG_SpeakerEditorDraw      30074dc0 f   cg_sound.obj
 0001:00074380       _CG_SpeakerEditorMouseMove_Handling 30075380 f   cg_sound.obj
 0001:000744a0       _CG_SpeakerEditor_KeyHandling 300754a0 f   cg_sound.obj
 0001:00074780       _CG_ToggleActiveOnScriptSpeaker 30075780 f   cg_sound.obj
 0001:000747b0       _CG_UndoEditSpeaker        300757b0 f   cg_sound.obj
 0001:000748c0       _CG_UnsetActiveOnScriptSpeaker 300758c0 f   cg_sound.obj
 0001:000748e0       _CG_UpdateBufferedSoundScripts 300758e0 f   cg_sound.obj
 0001:00074a20       _SP_path_corner_2          30075a20 f   cg_spawn.obj
 0001:00074ad0       _SP_info_train_spline_main 30075ad0 f   cg_spawn.obj
 0001:00074c10       _SP_misc_gamemodel         30075c10 f   cg_spawn.obj
 0001:00074f40       _SP_trigger_objective_info 30075f40 f   cg_spawn.obj
 0001:00074fb0       _CG_AddSpawnVarToken       30075fb0 f   cg_spawn.obj
 0001:00075020       _CG_ParseEntitiesFromString 30076020 f   cg_spawn.obj
 0001:00075080       _CG_ParseEntityFromSpawnVars 30076080 f   cg_spawn.obj
 0001:000750f0       _CG_ParseSpawnVars         300760f0 f   cg_spawn.obj
 0001:00075240       _CG_SpawnFloat             30076240 f   cg_spawn.obj
 0001:00075270       _CG_SpawnInt               30076270 f   cg_spawn.obj
 0001:000752a0       _CG_SpawnString            300762a0 f   cg_spawn.obj
 0001:00075330       _CG_SpawnVector            30076330 f   cg_spawn.obj
 0001:00075370       _CG_SpawnVector2D          30076370 f   cg_spawn.obj
 0001:000753b0       _SP_worldspawn             300763b0 f   cg_spawn.obj
 0001:000757e0       _vtos                      300767e0 f   cg_spawn.obj
 0001:00075830       _CG_LoadRankIcons          30076830 f   cg_statsranksmedals.obj
 0001:00075860       _dllEntry                  30076860 f   cg_syscalls.obj
 0001:00075870       _testPrintFloat            30076870 f   cg_syscalls.obj
 0001:00075890       _testPrintInt              30076890 f   cg_syscalls.obj
 0001:000758b0       _trap_AddCommand           300768b0 f   cg_syscalls.obj
 0001:000758d0       _trap_Argc                 300768d0 f   cg_syscalls.obj
 0001:000758e0       _trap_Args                 300768e0 f   cg_syscalls.obj
 0001:00075900       _trap_Argv                 30076900 f   cg_syscalls.obj
 0001:00075920       _trap_CIN_DrawCinematic    30076920 f   cg_syscalls.obj
 0001:00075940       _trap_CIN_PlayCinematic    30076940 f   cg_syscalls.obj
 0001:00075970       _trap_CIN_RunCinematic     30076970 f   cg_syscalls.obj
 0001:00075990       _trap_CIN_SetExtents       30076990 f   cg_syscalls.obj
 0001:000759b0       _trap_CIN_StopCinematic    300769b0 f   cg_syscalls.obj
 0001:000759d0       _trap_CM_BoxTrace          300769d0 f   cg_syscalls.obj
 0001:00075a00       _trap_CM_CapsuleTrace      30076a00 f   cg_syscalls.obj
 0001:00075a30       _trap_CM_InlineModel       30076a30 f   cg_syscalls.obj
 0001:00075a50       _trap_CM_LoadMap           30076a50 f   cg_syscalls.obj
 0001:00075a70       _trap_CM_MarkFragments     30076a70 f   cg_syscalls.obj
 0001:00075aa0       _trap_CM_NumInlineModels   30076aa0 f   cg_syscalls.obj
 0001:00075ab0       _trap_CM_PointContents     30076ab0 f   cg_syscalls.obj
 0001:00075ad0       _trap_CM_TempBoxModel      30076ad0 f   cg_syscalls.obj
 0001:00075af0       _trap_CM_TempCapsuleModel  30076af0 f   cg_syscalls.obj
 0001:00075b10       _trap_CM_TransformedBoxTrace 30076b10 f   cg_syscalls.obj
 0001:00075b40       _trap_CM_TransformedCapsuleTrace 30076b40 f   cg_syscalls.obj
 0001:00075b70       _trap_CM_TransformedPointContents 30076b70 f   cg_syscalls.obj
[...]
 0002:0001aaf8       .idata$6                   300d6af8     ucrt:api-ms-win-crt-filesystem-l1-1-0.dll
 0002:0001ab1e       .idata$6                   300d6b1e     ucrt:api-ms-win-crt-environment-l1-1-0.dll
 0002:0001ab44       .idata$6                   300d6b44     ucrt:api-ms-win-crt-time-l1-1-0.dll
 0002:0001ab64       .idata$6                   300d6b64     ucrt:api-ms-win-crt-runtime-l1-1-0.dll
 0003:00000050       _animMoveTypesStr          300d7050     bg_animation.obj
 0003:00000108       _animConditionPositionsStr 300d7108     bg_animation.obj
 0003:00000138       _animConditionMountedStr   300d7138     bg_animation.obj
 0003:00000150       _animConditionLeaningStr   300d7150     bg_animation.obj
 0003:00000170       _animConditionImpactPointsStr 300d7170     bg_animation.obj
 0003:000001c0       _animEnemyTeamsStr         300d71c0     bg_animation.obj
 0003:00000200       _animHealthLevelStr        300d7200     bg_animation.obj
 0003:00000218       _animFlailTypeStr          300d7218     bg_animation.obj
 0003:00000240       _animGenBitFlagStr         300d7240     bg_animation.obj
 0003:00000248       _animAIStateStr            300d7248     bg_animation.obj
 0003:00000268       _animEventTypesStr         300d7268     bg_animation.obj
 0003:00000390       _animConditionsStr         300d7390     bg_animation.obj
 0003:00000440       _animConditionsTable       300d7440     bg_animation.obj
 0003:000004e8       _animParseModesStr         300d74e8     bg_animation.obj
 0003:00002e48       _MD5_PADDING               300d9e48     md5.obj
 0003:00002e88       _cg_accessories            300d9e88     cg_character.obj
 0003:00002eb8       _cg_numAccessories         300d9eb8     cg_character.obj
 0003:00002ebc       _cg_headAccessories        300d9ebc     cg_character.obj
 0003:00002edc       _cg_numHeadAccessories     300d9edc     cg_character.obj
 0003:00002f18       _commands                  300d9f18     cg_consolecmds.obj
 0003:00005720       ?red@?1??CG_TeamColor@@9@9 300dc720     cg_drawtools.obj
 0003:00005730       ?blue@?1??CG_TeamColor@@9@9 300dc730     cg_drawtools.obj
 0003:00005740       ?other@?1??CG_TeamColor@@9@9 300dc740     cg_drawtools.obj
 0003:00005750       ?spectator@?1??CG_TeamColor@@9@9 300dc750     cg_drawtools.obj
 0003:00005760       _propMap                   300dc760     cg_drawtools.obj
 0003:00005d60       _propMapB                  300dcd60     cg_drawtools.obj
 0003:0000609c       ?seed@?1??CG_SmokePuff@@9@9 300dd09c     cg_effects.obj
 0003:00006140       _multi_flagpoleAnims       300dd140     cg_ents.obj
 0003:00006530       _fxSounds                  300dd530     cg_event.obj
 0003:00006a18       _initFlameShaders          300dda18     cg_flamethrower.obj
 0003:00006a1c       _lastFlameOwner            300dda1c     cg_flamethrower.obj
 0003:00006a20       ?whiteColor@?1??CG_AddFlameToScene@@9@9 300dda20     cg_flamethrower.obj
 0003:00008e10       ?col@?1??CG_BloodTrail@@9@9 300dfe10     cg_localents.obj
 0003:00008e1c       ?whiteColor@?1??CG_AddFuseSparkElements@@9@9 300dfe1c     cg_localents.obj
 0003:00009d68       ?sb_nums@?1??CG_RegisterGraphics@@9@9 300e0d68     cg_main.obj
 0003:00009dc0       _shaderAnimNames           300e0dc0     cg_particles.obj
 0003:00009de0       _shaderAnimCounts          300e0de0     cg_particles.obj
 0003:00009e00       _shaderAnimSTRatio         300e0e00     cg_particles.obj
 0003:0000a5f8       _s_lt_string               300e15f8     cg_sound.obj
 0003:0000a604       _s_bt_string               300e1604     cg_sound.obj
 0003:0000a610       _speakerInfoButtons        300e1610     cg_sound.obj
 0003:0000a618       _speakerEditorButtons      300e1618     cg_sound.obj
 0003:0000a800       _syscall                   300e1800     cg_syscalls.obj
 0003:0000a834       ?mins@?1??CG_OffsetThirdPersonView@@9@9 300e1834     cg_view.obj
 0003:0000a840       ?maxs@?1??CG_OffsetThirdPersonView@@9@9 300e1840     cg_view.obj
 0003:0000a84c       ?lastfov@?1??CG_CalcFov@@9@9 300e184c     cg_view.obj
 0003:0000a850       ?lastfov@?1??CG_DrawSkyBoxPortal@@9@9 300e1850     cg_view.obj
 0003:0000b404       ?code@?1??unescape_string@@9@9 300e2404     q_shared.obj
 0003:0000baec       ?staticNULL@?1??String_Alloc@@9@9 300e2aec     ui_shared.obj
 0003:0000baf0       _g_bindings                300e2af0     ui_shared.obj
 0003:0000c284       ?if_prefix@?1??bindlocal@@9@9 300e3284     libcurl:connect.obj
 0003:0000c288       ?host_prefix@?1??bindlocal@@9@9 300e3288     libcurl:connect.obj
 0003:0000c28c       ?KEY_NOTUSED@?1??Curl_splayinsert@@9@9 300e328c     libcurl:splay.obj
 0003:0000c294       ?KEY_NOTUSED@?1??Curl_splayremovebyaddr@@9@9 300e3294     libcurl:splay.obj
 0003:0000c2e0       _globalScriptData          300e32e0     bg_animation.obj
 0003:0000c2e4       _globalFilename            300e32e4     bg_animation.obj
 0003:0000c2e8       _numDefines                300e32e8     bg_animation.obj
 0003:0000c33c       _defineStringsOffset       300e333c     bg_animation.obj
 0003:0000c340       _defineStrings             300e3340     bg_animation.obj
 0003:0000ea50       _defineStr                 300e5a50     bg_animation.obj
 0003:0000f4d0       _defineBits                300e64d0     bg_animation.obj
 0003:0000ff50       _parseMovetype             300e6f50     bg_animation.obj
 0003:0000ff54       _parseEvent                300e6f54     bg_animation.obj
 0003:0000ff58       _animationPool             300e6f58     bg_animgroup.obj
 0003:00055f58       ?string@?1??BG_RAG_ParseError@@9@9 3012cf58     bg_animgroup.obj
 0003:00056f58       ?string@?1??BG_PCF_ParseError@@9@9 3012df58     bg_character.obj
 0003:00057f58       ?string@?1??PC_SourceWarning@@9@9 3012ef58     bg_misc.obj
 0003:00058f58       ?string@?1??PC_SourceError@@9@9 3012ff58     bg_misc.obj
 0003:00059f58       _locInfo                   30130f58     bg_misc.obj
 0003:00059f68       ?coord@?1??BG_GetLocationString@@9@9 30130f68     bg_misc.obj
 0003:00059f70       ?line@?1??ConcatArgs@@9@9  30130f70     bg_misc.obj
 0003:0005a378       _scriptSpeakers            30131378     bg_sscript.obj
 0003:00063b78       _numScriptSpeakers         3013ab78     bg_sscript.obj
 0003:00063b80       ?string@?1??BG_SS_ParseError@@9@9 3013ab80     bg_sscript.obj
 0003:00064b80       _tracemap                  3013bb80     bg_tracemap.obj
 0003:00124b9c       _one_over_mapgrid_factor   301fbb9c     bg_tracemap.obj
 0003:00124ba4       ?lastDraw@?1??CG_GenerateTracemap@@9@9 301fbba4     bg_tracemap.obj
 0003:00124ba8       ?tracecount@?1??CG_GenerateTracemap@@9@9 301fbba8     bg_tracemap.obj
 0003:00124bb0       _kludgeChecked             301fbbb0     cg_atmospheric.obj
 0003:00124bb4       _kludgeResult              301fbbb4     cg_atmospheric.obj
 0003:00124bb8       _cg_atmFx                  301fbbb8     cg_atmospheric.obj
 0003:001672e0       _mapEntities               3023e2e0     cg_commandmap.obj
 0003:001722e0       _mapEntityCount            302492e0     cg_commandmap.obj
 0003:001722e4       _mapEntityTime             302492e4     cg_commandmap.obj
 0003:001722e8       _expanded                  302492e8     cg_commandmap.obj
 0003:001722ec       _gridInitDone              302492ec     cg_commandmap.obj
 0003:001722f0       _gridStartCoord            302492f0     cg_commandmap.obj
 0003:001722f8       _gridStep                  302492f8     cg_commandmap.obj
 0003:00172408       ?hudText@?1??CG_getHudList@@9@9 30249408     cg_consolecmds.obj
 0003:00174428       _crashLog                  3024b428     cg_crash.obj
 0003:00174430       ?previousTimes@?1??CG_DrawFPS@@9@9 3024b430     cg_draw.obj
 0003:001744b0       ?index@?1??CG_DrawFPS@@9@9 3024b4b0     cg_draw.obj
 0003:001744b4       ?previous@?1??CG_DrawFPS@@9@9 3024b4b4     cg_draw.obj
 0003:001744b8       ?highestSpeed@?1??CG_DrawSpeed@@9@9 3024b4b8     cg_draw.obj
 0003:001744bc       ?speed@?1??CG_DrawSpeed@@9@9 3024b4bc     cg_draw.obj
 0003:001744c0       ?lasttime@?1??CG_DrawSpeed@@9@9 3024b4c0     cg_draw.obj
 0003:001744c4       ?doScreenshot@?2??CG_DrawIntermission@@9@9 3024b4c4     cg_draw.obj
 0003:001744c8       ?doDemostop@?2??CG_DrawIntermission@@9@9 3024b4c8     cg_draw.obj
 0003:001744cc       ?lastconfigGet@?1??CG_DrawSpectatorMessage@@9@9 3024b4cc     cg_draw.obj
 0003:001744d0       ?lastTime@?1??CG_DrawFlashFade@@9@9 3024b4d0     cg_draw.obj
 0003:001744d4       ?lastangle@?1??CG_DrawNewCompass@@9@9 3024b4d4     cg_draw.obj
 0003:001744d8       ?anglespeed@?1??CG_DrawNewCompass@@9@9 3024b4d8     cg_draw.obj
 0003:001744dc       _statsDebugPos             3024b4dc     cg_draw.obj
 0003:001744e0       _statsDebugStrings         3024b4e0     cg_draw.obj
 0003:001750e0       _statsDebugTime            3024c0e0     cg_draw.obj
 0003:001750f8       _statsDebugTextWidth       3024c0f8     cg_draw.obj
 0003:00175110       ?color@?1??CG_FadeColor@@9@9 3024c110     cg_drawtools.obj
 0003:00175120       ?staticbuf@?1??CG_TranslateString@@9@9 3024c120     cg_drawtools.obj
 0003:00184b20       ?bufcount@?1??CG_TranslateString@@9@9 3025bb20     cg_drawtools.obj
 0003:00184b28       _SmokeSprites              3025bb28     cg_effects.obj
 0003:0018c328       _SmokeSpriteCount          30263328     cg_effects.obj
 0003:0018c32c       _firstfreesmokesprite      3026332c     cg_effects.obj
 0003:0018c330       _lastusedsmokesprite       30263330     cg_effects.obj
 0003:0018c334       ?dir@?1??CG_EntityEffects@@9@9 30263334     cg_ents.obj
 0003:0018c340       ?footstepcnt@?1??CG_EntityEvent@@9@9 30263340     cg_event.obj
 0003:0018c344       ?splashfootstepcnt@?1??CG_EntityEvent@@9@9 30263344     cg_event.obj
 0003:0018c348       _sortedFireTeamClients     30263348     cg_fireteamoverlay.obj
 0003:0018c448       _flameChunks               30263448     cg_flamethrower.obj
 0003:001b3448       _freeFlameChunks           3028a448     cg_flamethrower.obj
 0003:001b344c       _activeFlameChunks         3028a44c     cg_flamethrower.obj
 0003:001b3450       _headFlameChunks           3028a450     cg_flamethrower.obj
 0003:001b3454       _initFlameChunks           3028a454     cg_flamethrower.obj
 0003:001b3458       _numFlameChunksInuse       3028a458     cg_flamethrower.obj
 0003:001b345c       _flameChunkMins            3028a45c     cg_flamethrower.obj
 0003:001b3468       _centFlameInfo             3028a468     cg_flamethrower.obj
 0003:001c0468       _centFlameStatus           30297468     cg_flamethrower.obj
 0003:001c2468       _flameChunkMaxs            30299468     cg_flamethrower.obj
 0003:001c2474       _vright                    30299474     cg_flamethrower.obj
 0003:001c2480       _vup                       30299480     cg_flamethrower.obj
 0003:001c248c       _rright                    3029948c     cg_flamethrower.obj
 0003:001c2498       _rup                       30299498     cg_flamethrower.obj
 0003:001c24a4       _numClippedFlames          302994a4     cg_flamethrower.obj
 0003:001c24a8       _flameShaders              302994a8     cg_flamethrower.obj
 0003:001c255c       _nozzleShaders             3029955c     cg_flamethrower.obj
 0003:001c257c       ?lastPos@?1??CG_AddFlameSpriteToScene@@9@9 3029957c     cg_flamethrower.obj
 0003:001c2588       _nextFlameLight            30299588     cg_flamethrower.obj
 0003:001c258c       ?lastcalled@?1??CG_DrawInformation@@9@9 3029958c     cg_info.obj
 0003:001c2590       ?lastHighlight@?1??CG_LimboPanel_Draw@@9@9 30299590     cg_limbopanel.obj
 0003:001c2598       ?inside@?1??CG_DrawConnectScreen@@9@9 30299598     cg_loadpanel.obj
 0003:001c25a0       ?lastBloodMark@?2??CG_FragmentBounceMark@@9@9 302995a0     cg_localents.obj
 0003:001c25b0       ?buffer@?1??CG_Argv@@9@9   302995b0     cg_main.obj
 0003:001c29b0       ?buf@?1??CG_LoadMenus@@9@9 302999b0     cg_main.obj
 0003:001c39b4       _numShaderAnims            3029a9b4     cg_particles.obj
 0003:001c39b8       _shaderAnims               3029a9b8     cg_particles.obj
 0003:001c41b8       _roll                      3029b1b8     cg_particles.obj
 0003:001c41c0       _dp_realtime               3029b1c0     cg_players.obj
 0003:001c41c4       _jumpHeight                3029b1c4     cg_players.obj
 0003:001c41c8       ?index@?1??vtosf@@9@9      3029b1c8     cg_players.obj
 0003:001c41d0       ?str@?1??vtosf@@9@9        3029b1d0     cg_players.obj
 0003:001c43d0       _cg_numSolidEntities       3029b3d0     cg_predict.obj
 0003:001c43d4       _cg_numSolidFTEntities     3029b3d4     cg_predict.obj
 0003:001c43d8       _cg_solidEntities          3029b3d8     cg_predict.obj
 0003:001c4bd8       _cg_solidFTEntities        3029bbd8     cg_predict.obj
 0003:001c53d8       _cg_numTriggerEntities     3029c3d8     cg_predict.obj
 0003:001c53e0       _cg_triggerEntities        3029c3e0     cg_predict.obj
 0003:001c5be0       ?token@?1??CG_LocalizeServerCommand@@9@9 3029cbe0     cg_servercmds.obj
 0003:001c5fe0       _oldValid                  3029cfe0     cg_snapshot.obj
 0003:001c6fe0       ?prevmap@?6??CG_SetInitialSnapshot@@9@9 3029dfe0     cg_snapshot.obj
 0003:001c7028       _hashTable                 3029e028     cg_sound.obj
 0003:001c8028       _soundScripts              3029f028     cg_sound.obj
 0003:0022c028       _soundScriptSounds         30303028     cg_sound.obj
 0003:00ac4028       _speakerShader             30b9b028     cg_sound.obj
 0003:00ac402c       _speakerShaderGrayScale    30b9b02c     cg_sound.obj
 0003:00ac4030       _editSpeaker               30b9b030     cg_sound.obj
 0003:00ac4034       _undoSpeakerIndex          30b9b034     cg_sound.obj
 0003:00ac4038       _undoSpeaker               30b9b038     cg_sound.obj
 0003:00ac40d0       _editSpeakerActive         30b9b0d0     cg_sound.obj
 0003:00ac40d4       _editSpeakerHandle         30b9b0d4     cg_sound.obj
 0003:00ac40f0       _numSpeakersInPvs          30b9b0f0     cg_sound.obj
 0003:00ac40f4       _noiseMatchCount           30b9b0f4     cg_sound.obj
 0003:00ac40f8       _noiseMatchString          30b9b0f8     cg_sound.obj
 0003:00ac4138       _noiseMatchIndex           30b9b138     cg_sound.obj
 0003:00ac4140       ?index@?1??vtos@@9@9       30b9b140     cg_spawn.obj
 0003:00ac4148       ?str@?1??vtos@@9@9         30b9b148     cg_spawn.obj
 0003:00ac424c       _vforward                  30b9b24c     cg_trails.obj
 0003:00ac4258       _vright                    30b9b258     cg_trails.obj
 0003:00ac4264       _vup                       30b9b264     cg_trails.obj
 0003:00ac4270       _verts                     30b9b270     cg_trails.obj
 0003:00ad0270       _outVerts                  30ba7270     cg_trails.obj
 0003:00af4270       ?hash@?1??CG_PBCompatibleMD5@@9@9 30bcb270     cg_uid.obj
 0003:00af4298       _frustum                   30bcb298     cg_view.obj
 0003:00af42d8       ?string@?1??CG_RW_ParseError@@9@9 30bcb2d8     cg_weapons.obj
 0003:00af52d8       _debuggingweapon           30bcc2d8     cg_weapons.obj
 0003:00af52dc       ?bnk@?1??CG_WeaponIndex@@9@9 30bcc2dc     cg_weapons.obj
 0003:00af52e0       ?cyc@?1??CG_WeaponIndex@@9@9 30bcc2e0     cg_weapons.obj
 0003:00af52e4       ?lastBloodSpat@?1??CG_Bullet@@9@9 30bcc2e4     cg_weapons.obj
 0003:00af5304       ?tmp@?1??myftol@@9@9       30bcc304     q_math.obj
 0003:00af5308       ?sr@?1??AngleVectors@@9@9  30bcc308     q_math.obj
 0003:00af530c       ?sp@?1??AngleVectors@@9@9  30bcc30c     q_math.obj
 0003:00af5310       ?sy@?1??AngleVectors@@9@9  30bcc310     q_math.obj
 0003:00af5314       ?cr@?1??AngleVectors@@9@9  30bcc314     q_math.obj
 0003:00af5318       ?cp@?1??AngleVectors@@9@9  30bcc318     q_math.obj
 0003:00af531c       ?cy@?1??AngleVectors@@9@9  30bcc31c     q_math.obj
 0003:00af5320       __BigShort                 30bcc320     q_shared.obj
 0003:00af5324       __LittleShort              30bcc324     q_shared.obj
 0003:00af5328       __BigLong                  30bcc328     q_shared.obj
 0003:00af532c       __LittleLong               30bcc32c     q_shared.obj
 0003:00af5330       __BigLong64                30bcc330     q_shared.obj
 0003:00af5334       __LittleLong64             30bcc334     q_shared.obj
 0003:00af5338       __BigFloat                 30bcc338     q_shared.obj
 0003:00af533c       __LittleFloat              30bcc33c     q_shared.obj
 0003:00af5340       _com_token                 30bcc340     q_shared.obj
 0003:00af5740       _com_parsename             30bcc740     q_shared.obj
 0003:00af5b40       _com_lines                 30bccb40     q_shared.obj
 0003:00af5b44       _backup_lines              30bccb44     q_shared.obj
 0003:00af5b48       _backup_text               30bccb48     q_shared.obj
 0003:00af5b4c       ?index@?1??va@@9@9         30bccb4c     q_shared.obj
 0003:00af5b50       ?string@?1??COM_ParseError@@9@9 30bccb50     q_shared.obj
 0003:00af6b50       ?string@?1??COM_ParseWarning@@9@9 30bcdb50     q_shared.obj
 0003:00af7b50       ?temp_buffer@?1??va@@9@9   30bceb50     q_shared.obj
 0003:00aff850       ?string@?1??va@@9@9        30bd6850     q_shared.obj
 0003:00b07550       ?index@?1??tv@@9@9         30bde550     q_shared.obj
 0003:00b07554       ?valueindex@?1??Info_ValueForKey@@9@9 30bde554     q_shared.obj
 0003:00b07558       ?vecs@?1??tv@@9@9          30bde558     q_shared.obj
 0003:00b075b8       ?value@?1??Info_ValueForKey@@9@9 30bde5b8     q_shared.obj
 0003:00b0b5b8       ?final@?1??Q_StrReplace@@9@9 30be25b8     q_shared.obj
 0003:00b0b9b8       ?buf@?1??do_escape@@9@9    30be29b8     q_shared.obj
 0003:00b0b9bc       ?bufsize@?1??do_escape@@9@9 30be29bc     q_shared.obj
 0003:00b0b9dc       _scrollInfo                30be29dc     ui_shared.obj
 0003:00b0b9fc       _captureFunc               30be29fc     ui_shared.obj
 0003:00b0ba00       _captureData               30be2a00     ui_shared.obj
 0003:00b0ba04       _itemCapture               30be2a04     ui_shared.obj
 0003:00b0ba08       _debugMode                 30be2a08     ui_shared.obj
 0003:00b0ba0c       _lastListBoxClickTime      30be2a0c     ui_shared.obj
 0003:00b0ba10       _memoryPool                30be2a10     ui_shared.obj
 0003:00c8ba10       _allocPoint                30d62a10     ui_shared.obj
 0003:00c8ba14       _outOfMemory               30d62a14     ui_shared.obj
 0003:00c8ba18       _strPoolIndex              30d62a18     ui_shared.obj
 0003:00c8ba1c       _strHandleCount            30d62a1c     ui_shared.obj
 0003:00c8ba20       _strPool                   30d62a20     ui_shared.obj
 0003:00ceba20       _strHandle                 30dc2a20     ui_shared.obj
 0003:00ceda20       ?rect@?1??Item_CorrectedTextRect@@9@9 30dc4a20     ui_shared.obj
 0003:00ceda30       ?inHandleKey@?L@??Menu_HandleKey@@9@9 30dc4a30     ui_shared.obj
 0003:00ceda34       _initialized               30dc4a34     libcurl:easy.obj
 0003:00ceda38       _init_flags                30dc4a38     libcurl:easy.obj
 0003:00ceda3c       _hostname_cache            30dc4a3c     libcurl:hostip.obj
 0003:00ceda54       _host_cache_initialized    30dc4a54     libcurl:hostip.obj
 0003:00ceda58       _randseed                  30dc4a58     libcurl:curl_rand.obj
 0003:00ceda5c       ?tv_zero@?1??multi_timeout@@9@9 30dc4a5c     libcurl:multi.obj
 0003:00ceda68       _GS_ExceptionRecord        30dc4a68     MSVCRT:gs_report.obj
 0003:00cedab8       _GS_ContextRecord          30dc4ab8     MSVCRT:gs_report.obj
 0003:00cedd84       ?__proc_attached@@3HA      30dc4d84     MSVCRT:dll_dllmain.obj
 0003:00ceddb0       ?is_initialized_as_dll@@3_NA 30dc4db0     MSVCRT:utility.obj
 0003:00ceddb1       ?module_local_atexit_table_initialized@@3_NA 30dc4db1     MSVCRT:utility.obj
 0003:00ceddb4       ?module_local_atexit_table@@3U_onexit_table_t@@A 30dc4db4     MSVCRT:utility.obj
 0003:00ceddc0       ?module_local_at_quick_exit_table@@3U_onexit_table_t@@A 30dc4dc0     MSVCRT:utility.obj
 0004:00000060       $R000000                   339cb060     * linker generated manifest res *
